Component: ARM Compiler 5.06 update 6 (build 750) Tool: armlink [4d35ed]

==============================================================================

Section Cross References

    systemdriver.o(i.IwdgCallback) refers to wdg.o(i.IWDG_GetITFlag) for IWDG_GetITFlag
    systemdriver.o(i.IwdgCallback) refers to wdg.o(i.IWDG_ClearITPending) for IWDG_ClearITPending
    systemdriver.o(i.IwdgCallback) refers to gpio.o(i.GPIO_ClrAFMode) for GPIO_ClrAFMode
    systemdriver.o(i.SYS_ADC_Init) refers to dma.o(i.DMA_Init) for DMA_Init
    systemdriver.o(i.SYS_ADC_Init) refers to dma.o(i.PeripheralsRxDmaConfig) for PeripheralsRxDmaConfig
    systemdriver.o(i.SYS_ADC_Init) refers to saradc.o(i.TriggerSARAdcStart) for TriggerSARAdcStart
    systemdriver.o(i.SYS_ADC_Init) refers to preprocess.o(.bss) for gDmaAdcBuf
    systemdriver.o(i.SYS_GPIO_Init) refers to gpio.o(i.GPIO_ClrAFMode) for GPIO_ClrAFMode
    systemdriver.o(i.SYS_GPIO_Init) refers to gpio.o(i.GPIO_SetBits) for GPIO_SetBits
    systemdriver.o(i.SYS_GPIO_Init) refers to gpio.o(i.GPIO_Init) for GPIO_Init
    systemdriver.o(i.SYS_GPIO_Init) refers to gpio.o(i.GPIO_SetAFMode) for GPIO_SetAFMode
    systemdriver.o(i.SYS_GPIO_Init) refers to gpio.o(i.GPIO_ClearBits) for GPIO_ClearBits
    systemdriver.o(i.SYS_Hardware_Init) refers to systemdriver.o(i.SYS_GPIO_Init) for SYS_GPIO_Init
    systemdriver.o(i.SYS_Hardware_Init) refers to systemdriver.o(i.SYS_TIMER_Init) for SYS_TIMER_Init
    systemdriver.o(i.SYS_Hardware_Init) refers to systemdriver.o(i.SYS_TIMER_PWM_Init) for SYS_TIMER_PWM_Init
    systemdriver.o(i.SYS_Hardware_Init) refers to systemdriver.o(i.SYS_PressKey_Init) for SYS_PressKey_Init
    systemdriver.o(i.SYS_Hardware_Init) refers to systemdriver.o(i.SYS_OPA_Init) for SYS_OPA_Init
    systemdriver.o(i.SYS_Hardware_Init) refers to systemdriver.o(i.SYS_ADC_Init) for SYS_ADC_Init
    systemdriver.o(i.SYS_Interrupt_Enable) refers to systemdriver.o(i.__NVIC_SetPriority) for __NVIC_SetPriority
    systemdriver.o(i.SYS_Interrupt_Enable) refers to systemdriver.o(i.__NVIC_EnableIRQ) for __NVIC_EnableIRQ
    systemdriver.o(i.SYS_Interrupt_Enable) refers to wdg.o(i.IWDG_Enable) for IWDG_Enable
    systemdriver.o(i.SYS_ModuleDrive_Init) refers to defaultsetup.o(i.Setup_RestoreDevice) for Setup_RestoreDevice
    systemdriver.o(i.SYS_ModuleDrive_Init) refers to displaydriver.o(i.Display_Init) for Display_Init
    systemdriver.o(i.SYS_OPA_Init) refers to tia.o(i.Tia_Init) for Tia_Init
    systemdriver.o(i.SYS_OPA_Init) refers to tia.o(i.Tia_Enable) for Tia_Enable
    systemdriver.o(i.SYS_OPA_Init) refers to op.o(i.OPA_Init) for OPA_Init
    systemdriver.o(i.SYS_OPA_Init) refers to op.o(i.OPA_Enable) for OPA_Enable
    systemdriver.o(i.SYS_OPA_Init) refers to op.o(i.OP2_VinPadConfig) for OP2_VinPadConfig
    systemdriver.o(i.SYS_OPA_Init) refers to op.o(i.OP2_VipPadConfig) for OP2_VipPadConfig
    systemdriver.o(i.SYS_OPA_Init) refers to op.o(i.OP2_OutPadConfig) for OP2_OutPadConfig
    systemdriver.o(i.SYS_PressKey_Init) refers to cmp.o(i.Cmp_CLKConfig) for Cmp_CLKConfig
    systemdriver.o(i.SYS_PressKey_Init) refers to cmp.o(i.Cmp_Init) for Cmp_Init
    systemdriver.o(i.SYS_PressKey_Init) refers to cmp.o(i.Cmp_VrefConfig) for Cmp_VrefConfig
    systemdriver.o(i.SYS_PressKey_Init) refers to cmp.o(i.Cmp_Enable) for Cmp_Enable
    systemdriver.o(i.SYS_TIMER_PWM_Init) refers to timer.o(i.SetTimer) for SetTimer
    systemdriver.o(i.SYS_TIMER_PWM_Init) refers to timer.o(i.ADT_StartTimer) for ADT_StartTimer
    main.o(i.TCmain) refers to delay.o(i.delay1ms) for delay1ms
    main.o(i.TCmain) refers to trace.o(i.PrintInit) for PrintInit
    main.o(i.TCmain) refers to interrupt.o(i.IC_PowupInit) for IC_PowupInit
    main.o(i.TCmain) refers to systemdriver.o(i.SYS_Hardware_Init) for SYS_Hardware_Init
    main.o(i.TCmain) refers to segdriver.o(i.segSetUp) for segSetUp
    main.o(i.TCmain) refers to systemdriver.o(i.SYS_ModuleDrive_Init) for SYS_ModuleDrive_Init
    main.o(i.TCmain) refers to systemdriver.o(i.SYS_Interrupt_Enable) for SYS_Interrupt_Enable
    main.o(i.TCmain) refers to displaydriver.o(.bss) for gSatParam
    gpio.o(i.GPIO_ClearBits) refers to gpio.o(i.GPIO_RegisterMap) for GPIO_RegisterMap
    gpio.o(i.GPIO_ClearITBit) refers to gpio.o(i.GPIO_RegisterMap) for GPIO_RegisterMap
    gpio.o(i.GPIO_ClrAFMode) refers to gpio.o(i.GPIO_PinMuxAdrMap) for GPIO_PinMuxAdrMap
    gpio.o(i.GPIO_Config) refers to gpio.o(i.GPIO_RegisterMap) for GPIO_RegisterMap
    gpio.o(i.GPIO_ExtModeConfig) refers to gpio.o(i.GPIO_PinMuxAdrMap) for GPIO_PinMuxAdrMap
    gpio.o(i.GPIO_ExtModeConfig) refers to gpio.o(i.GPIO_RegisterMap) for GPIO_RegisterMap
    gpio.o(i.GPIO_GetAFMode) refers to gpio.o(i.GPIO_PinMuxAdrMap) for GPIO_PinMuxAdrMap
    gpio.o(i.GPIO_GetBit) refers to gpio.o(i.GPIO_RegisterMap) for GPIO_RegisterMap
    gpio.o(i.GPIO_GetITStatus) refers to gpio.o(i.GPIO_RegisterMap) for GPIO_RegisterMap
[...]

Removing Unused input sections from the image.

    Removing systemdriver.o(.rev16_text), (4 bytes).
    Removing systemdriver.o(.revsh_text), (4 bytes).
    Removing main.o(.rev16_text), (4 bytes).
    Removing main.o(.revsh_text), (4 bytes).
    Removing gpio.o(.rev16_text), (4 bytes).
    Removing gpio.o(.revsh_text), (4 bytes).
    Removing gpio.o(i.GPIO_20mA_Mode), (108 bytes).
    Removing gpio.o(i.GPIO_ClearITBit), (44 bytes).
    Removing gpio.o(i.GPIO_GetAFMode), (22 bytes).
    Removing gpio.o(i.GPIO_GetBit), (36 bytes).
    Removing gpio.o(i.GPIO_GetITStatus), (44 bytes).
    Removing gpio.o(i.GPIO_ITConfig), (248 bytes).
    Removing gpio.o(i.GPIO_SwitchOffIe), (168 bytes).
    Removing gpio.o(i.GPIO_ToggleBits), (64 bytes).
    Removing delay.o(.rev16_text), (4 bytes).
    Removing delay.o(.revsh_text), (4 bytes).
    Removing delay.o(i.SysTickClkSourceConfig), (28 bytes).
    Removing delay.o(i.delay100us), (80 bytes).
    Removing delay.o(i.delay1us), (80 bytes).
    Removing dma.o(.rev16_text), (4 bytes).
    Removing dma.o(.revsh_text), (4 bytes).
    Removing dma.o(i.DMA_M2MTransferSetup), (48 bytes).
    Removing dma.o(i.DMA_StopChannel), (20 bytes).
    Removing dma.o(i.PeripheralsTxDmaConfig), (120 bytes).
    Removing uart.o(.rev16_text), (4 bytes).
    Removing uart.o(.revsh_text), (4 bytes).
    Removing uart.o(i.DisableUartInt), (128 bytes).
    Removing uart.o(i.GetRxFifoTrigNum), (36 bytes).
    Removing uart.o(i.GetUartFclkVal), (176 bytes).
    Removing uart.o(i.SetUartBaudrate), (70 bytes).
    Removing uart.o(i.SetUartFclkSource), (288 bytes).
    Removing uart.o(i.UART_DivideLatch), (14 bytes).
    Removing uart.o(i.UART_Divided), (46 bytes).
    Removing uart.o(i.UART_GetFlagStatus), (14 bytes).
    Removing uart.o(i.UART_Init), (188 bytes).
    Removing uart.o(i.UART_RcvDataDma), (40 bytes).
    Removing uart.o(i.UART_ReceiveOneDataBlocked), (12 bytes).
    Removing uart.o(i.UART_ReceiveOneDataUnblocked), (18 bytes).
    Removing uart.o(i.UART_SendData), (28 bytes).
    Removing uart.o(i.UART_SendDataDma), (36 bytes).
    Removing uart.o(i.UART_SendOneData), (10 bytes).
    Removing uart.o(i.UartIOConfig), (224 bytes).
    Removing uart.o(.bss), (100 bytes).
    Removing uart.o(.data), (4 bytes).
    Removing uart.o(.data), (4 bytes).
    Removing uart.o(.data), (1 bytes).
    Removing i2c.o(.rev16_text), (4 bytes).
    Removing i2c.o(.revsh_text), (4 bytes).
    Removing i2c.o(i.GetI2CFclkSource), (192 bytes).
    Removing i2c.o(i.I2C_ConfigIO), (152 bytes).
    Removing i2c.o(i.I2C_GetFlagISR), (20 bytes).
    Removing i2c.o(i.I2C_GetFlagStatus), (14 bytes).
    Removing i2c.o(i.I2C_Init), (328 bytes).
    Removing i2c.o(i.I2C_ReceiveData), (112 bytes).
    Removing i2c.o(i.I2C_RxDmaConfig), (92 bytes).
    Removing i2c.o(i.I2C_SendData), (134 bytes).
    Removing i2c.o(i.I2C_TxDmaConfig), (94 bytes).
    Removing i2c.o(i.SetI2CFclkSource), (112 bytes).
    Removing vdac.o(.rev16_text), (4 bytes).
    Removing vdac.o(.revsh_text), (4 bytes).
    Removing vdac.o(i.ConfigVdacOutputPin), (92 bytes).
    Removing vdac.o(i.GetVdacFifoFreeNum), (16 bytes).
    Removing vdac.o(i.SetVdacFclkSource), (76 bytes).
    Removing vdac.o(i.SetVdacOutputValue), (12 bytes).
    Removing vdac.o(i.TriggerVdacStart), (12 bytes).
    Removing vdac.o(i.TriggerVdacStop), (12 bytes).
    Removing vdac.o(i.VdacBlockDisable), (16 bytes).
    Removing vdac.o(i.VdacBlockEnable), (16 bytes).
    Removing vdac.o(i.VdacConfigure), (72 bytes).
    Removing op.o(.rev16_text), (4 bytes).
    Removing op.o(.revsh_text), (4 bytes).
    Removing op.o(i.OPA_Disable), (36 bytes).
    Removing op.o(i.OPA_GainConfig), (40 bytes).
    Removing op.o(i.OPA_VcmConfig), (28 bytes).
    Removing op.o(i.OPA_VcmDisable), (16 bytes).
    Removing op.o(i.OPA_VcmEnable), (16 bytes).
    Removing tia.o(.rev16_text), (4 bytes).
    Removing tia.o(.revsh_text), (4 bytes).
    Removing tia.o(i.TiaConfigureComVoltageFromInternal), (116 bytes).
    Removing tia.o(i.TiaConfigureVoltagefollow), (80 bytes).
    Removing tia.o(i.TiaIOConfigure), (14 bytes).
    Removing tia.o(i.Tia_Disable), (16 bytes).
    Removing tia.o(i.Tia_PosVrefConfig), (24 bytes).
    Removing saradc.o(.rev16_text), (4 bytes).
    Removing saradc.o(.revsh_text), (4 bytes).
    Removing saradc.o(i.GetSarAdcFifoValidState), (16 bytes).
    Removing saradc.o(i.SetSARADCFclkSource), (48 bytes).
    Removing saradc.o(i.SetSARAdcConfig), (36 bytes).
    Removing saradc.o(i.SetSARAdcTriggerNum), (24 bytes).
    Removing aes.o(.rev16_text), (4 bytes).
    Removing aes.o(.revsh_text), (4 bytes).
    Removing aes.o(i.AesCbcDecode), (132 bytes).
    Removing aes.o(i.AesCbcEnc), (136 bytes).
    Removing aes.o(i.AesEcbDecode), (116 bytes).
    Removing aes.o(i.AesEcbEnc), (112 bytes).
    Removing aes.o(i.AesEnd), (12 bytes).
    Removing aes.o(i.AesIRQHandler), (12 bytes).
    Removing aes.o(i.AesSha256), (92 bytes).
    Removing aes.o(i.AesStart), (24 bytes).
    Removing aes.o(i.AesWaitActionDone), (84 bytes).
    Removing aes.o(i.AesrxDmaConfig), (100 bytes).
    Removing aes.o(i.AestxDmaConfig), (88 bytes).
    Removing aes.o(.data), (3 bytes).
    Removing cmp.o(.rev16_text), (4 bytes).
    Removing cmp.o(.revsh_text), (4 bytes).
    Removing cmp.o(i.Cmp_CLKDisable), (40 bytes).
    Removing cmp.o(i.Cmp_Disable), (36 bytes).
    Removing cmp.o(i.Cmp_Trim), (44 bytes).
    Removing timer.o(.rev16_text), (4 bytes).
    Removing timer.o(.revsh_text), (4 bytes).
    Removing timer.o(i.ADT_StopTimer), (12 bytes).
    Removing timer.o(i.CalExtPulse), (100 bytes).
    Removing timer.o(i.Hal_LptimerHandler), (36 bytes).
    Removing timer.o(i.Hal_Timer0Handler), (64 bytes).
    Removing timer.o(i.Hal_Timer1Handler), (36 bytes).
    Removing timer.o(i.Hal_Timer2Handler), (36 bytes).
    Removing timer.o(i.Hal_Timer3Handler), (36 bytes).
    Removing timer.o(i.Hal_Timer4Handler), (36 bytes).
    Removing timer.o(i.Hal_Timer5Handler), (36 bytes).
    Removing timer.o(i.SetTimerIsr), (32 bytes).
    Removing timer.o(i.SoftwareForceBK), (10 bytes).
    Removing timer.o(i.SyncStartStop), (20 bytes).
    Removing timer.o(i.TimerStart), (10 bytes).
    Removing timer.o(i.TimerStop), (12 bytes).
    Removing divider.o(.rev16_text), (4 bytes).
    Removing divider.o(.revsh_text), (4 bytes).
    Removing divider.o(i.DividerFuction), (24 bytes).
    Removing flash.o(.rev16_text), (4 bytes).
    Removing flash.o(.revsh_text), (4 bytes).
    Removing flash.o(i.Flash_Read), (40 bytes).
    Removing flash.o(i.Flash_Read16), (40 bytes).
    Removing flash.o(i.NVR_Read), (44 bytes).
    Removing idac.o(.rev16_text), (4 bytes).
    Removing idac.o(.revsh_text), (4 bytes).
    Removing idac.o(i.SetIdacBasicCurrent), (36 bytes).
    Removing idac.o(i.SetIdacIn), (24 bytes).
    Removing idac.o(i.SetIdacOutput), (48 bytes).
    Removing idac.o(i.TriggerIdacStart), (36 bytes).
    Removing idac.o(i.TriggerIdacStop), (36 bytes).
    Removing interrupt.o(.rev16_text), (4 bytes).
    Removing interrupt.o(.revsh_text), (4 bytes).
    Removing interrupt.o(i.IC_DisableNVIC), (12 bytes).
    Removing interrupt.o(i.IC_EnableNVIC), (12 bytes).
    Removing interrupt.o(i.IC_PowupDeinit), (12 bytes).
    Removing interrupt.o(i.XIC_DisableIRQ), (92 bytes).
    Removing interrupt.o(i.XIC_EnableIRQ), (108 bytes).
    Removing interrupt.o(i.XIC_GetModule), (32 bytes).
    Removing interrupt.o(i.XIC_GetVectIdx), (10 bytes).
    Removing interrupt.o(i.XIC_SetVector), (76 bytes).
    Removing interrupt.o(i.calculate_CLZ), (46 bytes).
    Removing lpm.o(.rev16_text), (4 bytes).
    Removing lpm.o(.revsh_text), (4 bytes).
    Removing lpm.o(i.EnterLpmDeepSleep), (28 bytes).
    Removing lpm.o(i.EnterLpmNormalSleep), (28 bytes).
    Removing lpm.o(i.EnterLpmPmuState), (80 bytes).
    Removing lpm.o(i.SwitchOffModuleClk), (256 bytes).
    Removing lpm.o(i.SwitchOffModulePower), (96 bytes).
    Removing lvd.o(.rev16_text), (4 bytes).
    Removing lvd.o(.revsh_text), (4 bytes).
    Removing lvd.o(i.LVD_CLKConfig), (48 bytes).
    Removing lvd.o(i.LVD_CLKDisable), (16 bytes).
    Removing lvd.o(i.LVD_Disable), (16 bytes).
    Removing lvd.o(i.LVD_Enable), (16 bytes).
    Removing lvd.o(i.LVD_ITConfig), (24 bytes).
    Removing lvd.o(i.LVD_ModeConfig), (60 bytes).
    Removing lvd.o(i.LVD_PortConfig), (60 bytes).
    Removing lvd.o(i.LVD_SetFilterTime), (20 bytes).
    Removing lvd.o(i.LVD_SetTripVolt), (20 bytes).
    Removing lvd.o(i.LVD_SetVrefSel), (24 bytes).
    Removing rtc.o(.rev16_text), (4 bytes).
    Removing rtc.o(.revsh_text), (4 bytes).
    Removing rtc.o(i.Hal_CalendarIRQHandler), (64 bytes).
    Removing rtc.o(i.Hal_WaveCalendarIRQHandler), (60 bytes).
    Removing rtc.o(i.RTC_AlarmWrite), (28 bytes).
    Removing rtc.o(i.RTC_ClearITFlag), (16 bytes).
    Removing rtc.o(i.RTC_CmpThrelInit), (72 bytes).
    Removing rtc.o(i.RTC_DeInit), (20 bytes).
    Removing rtc.o(i.RTC_Enable), (16 bytes).
    Removing rtc.o(i.RTC_GetITFlag), (20 bytes).
    Removing rtc.o(i.RTC_GetTime), (36 bytes).
    Removing rtc.o(i.RTC_ITConfig), (128 bytes).
    Removing rtc.o(i.RTC_IsrSet), (36 bytes).
    Removing rtc.o(i.RTC_Lock), (12 bytes).
    Removing rtc.o(i.RTC_Ready), (16 bytes).
    Removing rtc.o(i.RTC_SetAlarm), (28 bytes).
    Removing rtc.o(i.RTC_SetTime), (52 bytes).
    Removing rtc.o(i.RTC_TimeRead), (56 bytes).
    Removing rtc.o(i.RTC_TimeWrite), (56 bytes).
    Removing rtc.o(i.RTC_UnLock), (16 bytes).
    Removing spi.o(.rev16_text), (4 bytes).
    Removing spi.o(.revsh_text), (4 bytes).
    Removing spi.o(i.SPI_GetFlagStatus), (14 bytes).
    Removing spi.o(i.SPI_Init), (152 bytes).
    Removing spi.o(i.SPI_ReceiveData_Host), (38 bytes).
    Removing spi.o(i.SPI_ReceiveData_Slave), (24 bytes).
    Removing spi.o(i.SPI_Receive_DMAConfig), (42 bytes).
    Removing spi.o(i.SPI_SendData_Host), (34 bytes).
    Removing spi.o(i.SPI_SendData_Slave), (38 bytes).
    Removing spi.o(i.SPI_Send_DMAConfig), (38 bytes).
    Removing spi.o(i.SPI_SetCpolCpha), (24 bytes).
    Removing spi.o(i.SPI_SetFrameSize), (40 bytes).
    Removing spi.o(i.SPI_SetRate), (24 bytes).
    Removing spi.o(i.SPI_SetRfr), (20 bytes).
    Removing spi.o(i.SpiIOConfig), (108 bytes).
    Removing trim.o(.rev16_text), (4 bytes).
    Removing trim.o(.revsh_text), (4 bytes).
    Removing trim.o(i.BandGapTrimToTarget), (20 bytes).
    Removing trim.o(i.CmpTrimToTarget), (408 bytes).
    Removing trim.o(i.IDACTrimToTarget), (108 bytes).
    Removing trim.o(i.LDO15TrimToTarget), (16 bytes).
    Removing trim.o(i.LDO3TrimToTarget), (24 bytes).
    Removing trim.o(i.LDOLPTrimToTarget), (20 bytes).
    Removing trim.o(i.RC16mTrimToTarget), (24 bytes).
    Removing trim.o(i.RC32kTrimToTarget), (24 bytes).
    Removing trim.o(i.RTCThrelTrimToTarget), (52 bytes).
    Removing trim.o(i.VDACTrimToTarget), (84 bytes).
    Removing trim.o(i.VbiasIbiasTrimToTarget), (20 bytes).
    Removing wdg.o(.rev16_text), (4 bytes).
    Removing wdg.o(.revsh_text), (4 bytes).
    Removing wdg.o(i.EnableIWDG), (16 bytes).
    Removing wdg.o(i.EnableWWDG), (30 bytes).
    Removing wdg.o(i.Hal_IWDGHandler), (64 bytes).
    Removing wdg.o(i.Hal_WWDGAdvHandler), (60 bytes).
    Removing wdg.o(i.Hal_WWDGT2Handler), (60 bytes).
    Removing wdg.o(i.Hal_WWDGTimeOutHandler), (64 bytes).
    Removing wdg.o(i.IWDG_Disable), (16 bytes).
    Removing wdg.o(i.IWDG_Init), (60 bytes).
    Removing wdg.o(i.IWDG_Lock), (16 bytes).
    Removing wdg.o(i.IWDG_ResetCnt), (12 bytes).
    Removing wdg.o(i.IWDG_UnLock), (16 bytes).
    Removing wdg.o(i.WWDG_ClearITPending), (48 bytes).
    Removing wdg.o(i.WWDG_Disable), (16 bytes).
    Removing wdg.o(i.WWDG_Enable), (16 bytes).
    Removing wdg.o(i.WWDG_GetITFlag), (48 bytes).
    Removing wdg.o(i.WWDG_Init), (136 bytes).
    Removing wdg.o(i.WWDG_Lock), (16 bytes).
    Removing wdg.o(i.WWDG_ResetCnt), (12 bytes).
    Removing wdg.o(i.WWDG_UnLock), (16 bytes).
    Removing startup_tcasxxx.o(HEAP), (0 bytes).
    Removing system_tcasxxx.o(.rev16_text), (4 bytes).
    Removing system_tcasxxx.o(.revsh_text), (4 bytes).
    Removing defaultsetup.o(.rev16_text), (4 bytes).
    Removing defaultsetup.o(.revsh_text), (4 bytes).
    Removing defaultsetup.o(i.Setup_IsRestoreValue), (128 bytes).
    Removing defaultsetup.o(i.Setup_UpdateDevice), (48 bytes).
    Removing defaultsetup.o(.data), (2 bytes).
    Removing lightdriver.o(.rev16_text), (4 bytes).
    Removing lightdriver.o(.revsh_text), (4 bytes).
    Removing lightdriver.o(.bss), (20 bytes).
    Removing preprocess.o(.rev16_text), (4 bytes).
    Removing preprocess.o(.revsh_text), (4 bytes).
    Removing spo2interface.o(.rev16_text), (4 bytes).
    Removing spo2interface.o(.revsh_text), (4 bytes).
    Removing spo2interface.o(i.SpO2_algorithm), (180 bytes).
    Removing spo2interface.o(i.heartbeat_algorithm), (2 bytes).
    Removing spo2interface.o(.data), (30 bytes).
    Removing displaydriver.o(.rev16_text), (4 bytes).
    Removing displaydriver.o(.revsh_text), (4 bytes).
    Removing displaydriver.o(i.Display_AlarmMenu), (196 bytes).
    Removing displaydriver.o(i.Display_AlarmThrd), (820 bytes).
    Removing displaydriver.o(i.Display_Bargraph), (272 bytes).
    Removing displaydriver.o(i.Display_Battery), (416 bytes).
    Removing displaydriver.o(i.Display_Ble), (68 bytes).
    Removing displaydriver.o(i.Display_BlinkSelection), (356 bytes).
    Removing displaydriver.o(i.Display_Caption), (188 bytes).
    Removing displaydriver.o(i.Display_GUI), (1308 bytes).
    Removing displaydriver.o(i.Display_Logo), (56 bytes).
    Removing displaydriver.o(i.Display_Perfusion), (952 bytes).
    Removing displaydriver.o(i.Display_Pleth), (288 bytes).
    Removing displaydriver.o(i.Display_ProbeOff), (92 bytes).
    Removing displaydriver.o(i.Display_Pulse), (508 bytes).
    Removing displaydriver.o(i.Display_SpO2), (560 bytes).
    Removing displaydriver.o(i.Display_Version), (424 bytes).
    Removing displaydriver.o(i.GetHardwareVer), (6 bytes).
    Removing displaydriver.o(i.GetSoftwareVer), (8 bytes).
    Removing displaydriver.o(.constdata), (40 bytes).
    Removing displaydriver.o(.data), (1 bytes).
    Removing displaydriver.o(.data), (6 bytes).
    Removing fontlibs.o(.constdata), (436 bytes).
    Removing fontlibs.o(.constdata), (196 bytes).
    Removing fontlibs.o(.constdata), (562 bytes).
    Removing fontlibs.o(.constdata), (368 bytes).
    Removing fontlibs.o(.constdata), (752 bytes).
    Removing fontlibs.o(.constdata), (484 bytes).
    Removing fontlibs.o(.constdata), (429 bytes).
    Removing fontlibs.o(.constdata), (396 bytes).
    Removing fontlibs.o(.constdata), (206 bytes).
    Removing fontlibs.o(.constdata), (156 bytes).
    Removing fontlibs.o(.constdata), (70 bytes).
    Removing fontlibs.o(.constdata), (60 bytes).
    Removing fontlibs.o(.constdata), (78 bytes).
    Removing fontlibs.o(.constdata), (45 bytes).
    Removing fontlibs.o(.constdata), (21 bytes).
    Removing fontlibs.o(.constdata), (21 bytes).
    Removing fontlibs.o(.constdata), (14 bytes).
    Removing fontlibs.o(.constdata), (44 bytes).
    Removing fontlibs.o(.constdata), (18 bytes).
    Removing fontlibs.o(.constdata), (18 bytes).
    Removing fontlibs.o(.constdata), (6 bytes).
    Removing fontlibs.o(.constdata), (6 bytes).
    Removing fontlibs.o(.constdata), (16 bytes).
    Removing fontlibs.o(.constdata), (16 bytes).
    Removing fontlibs.o(.constdata), (30 bytes).
    Removing fontlibs.o(.constdata), (30 bytes).
    Removing fontlibs.o(.constdata), (48 bytes).
    Removing fontlibs.o(.constdata), (48 bytes).
    Removing fontlibs.o(.constdata), (64 bytes).
    Removing fontlibs.o(.constdata), (168 bytes).
    Removing fontlibs.o(.constdata), (62 bytes).
    Removing ug2864driver.o(.rev16_text), (4 bytes).
    Removing ug2864driver.o(.revsh_text), (4 bytes).
    Removing ug2864driver.o(i.UG2864_ClearRegion), (138 bytes).
    Removing ug2864driver.o(i.UG2864_Continuous_Scroll), (80 bytes).
    Removing ug2864driver.o(i.UG2864_Deactivate_Scroll), (10 bytes).
    Removing ug2864driver.o(i.UG2864_Delay), (44 bytes).
    Removing ug2864driver.o(i.UG2864_Display), (160 bytes).
    Removing ug2864driver.o(i.UG2864_Fill_RAM), (44 bytes).
    Removing ug2864driver.o(i.UG2864_Horizontal_Scroll), (56 bytes).
    Removing ug2864driver.o(i.UG2864_OLED_Init), (120 bytes).
    Removing ug2864driver.o(i.UG2864_OLED_Init_Remap), (40 bytes).
    Removing ug2864driver.o(i.UG2864_Set_Addressing_Mode), (12 bytes).
    Removing ug2864driver.o(i.UG2864_Set_Area_Brightness), (18 bytes).
    Removing ug2864driver.o(i.UG2864_Set_Area_Color), (18 bytes).
    Removing ug2864driver.o(i.UG2864_Set_Column_Address), (26 bytes).
    Removing ug2864driver.o(i.UG2864_Set_Common_Config), (20 bytes).
    Removing ug2864driver.o(i.UG2864_Set_Common_Remap), (12 bytes).
    Removing ug2864driver.o(i.UG2864_Set_Contrast_Control), (18 bytes).
    Removing ug2864driver.o(i.UG2864_Set_Dim_Mode), (38 bytes).
    Removing ug2864driver.o(i.UG2864_Set_Display_Clock), (18 bytes).
    Removing ug2864driver.o(i.UG2864_Set_Display_Offset), (18 bytes).
    Removing ug2864driver.o(i.UG2864_Set_Display_On_Off), (12 bytes).
    Removing ug2864driver.o(i.UG2864_Set_Entire_Display), (12 bytes).
    Removing ug2864driver.o(i.UG2864_Set_Inverse_Display), (12 bytes).
    Removing ug2864driver.o(i.UG2864_Set_Master_Config), (20 bytes).
    Removing ug2864driver.o(i.UG2864_Set_Multiplex_Ratio), (18 bytes).
    Removing ug2864driver.o(i.UG2864_Set_NOP), (10 bytes).
    Removing ug2864driver.o(i.UG2864_Set_Page_Address), (26 bytes).
    Removing ug2864driver.o(i.UG2864_Set_Precharge_Period), (18 bytes).
    Removing ug2864driver.o(i.UG2864_Set_Pump), (18 bytes).
    Removing ug2864driver.o(i.UG2864_Set_Read_Modify_Write), (12 bytes).
    Removing ug2864driver.o(i.UG2864_Set_Segment_Remap), (12 bytes).
    Removing ug2864driver.o(i.UG2864_Set_Start_Column), (22 bytes).
    Removing ug2864driver.o(i.UG2864_Set_Start_Line), (12 bytes).
    Removing ug2864driver.o(i.UG2864_Set_Start_Page), (12 bytes).
    Removing ug2864driver.o(i.UG2864_Set_VCOMH), (18 bytes).
    Removing ug2864driver.o(i.UG2864_Show_ASCII), (58 bytes).
    Removing ug2864driver.o(i.UG2864_Show_Pattern), (58 bytes).
    Removing ug2864driver.o(i.UG2864_Write_Command), (40 bytes).
    Removing ug2864driver.o(i.UG2864_Write_Data), (40 bytes).
    Removing ug2864driver.o(i.UG2864_uDelay), (12 bytes).
    Removing ug2864driver.o(.constdata), (262 bytes).
    Removing bluetoothdriver.o(.rev16_text), (4 bytes).
    Removing bluetoothdriver.o(.revsh_text), (4 bytes).
    Removing bluetoothdriver.o(i.BLE_IsConnect), (12 bytes).
    Removing bluetoothdriver.o(i.BLE_SetRxState), (26 bytes).
    Removing buzzdriver.o(.rev16_text), (4 bytes).
    Removing buzzdriver.o(.revsh_text), (4 bytes).
    Removing buzzdriver.o(i.Buzz_Speaker), (112 bytes).
    Removing segger_rtt.o(i.SEGGER_RTT_AllocDownBuffer), (100 bytes).
    Removing segger_rtt.o(i.SEGGER_RTT_AllocUpBuffer), (100 bytes).
    Removing segger_rtt.o(i.SEGGER_RTT_ConfigDownBuffer), (92 bytes).
    Removing segger_rtt.o(i.SEGGER_RTT_ConfigUpBuffer), (92 bytes).
    Removing segger_rtt.o(i.SEGGER_RTT_GetKey), (28 bytes).
    Removing segger_rtt.o(i.SEGGER_RTT_HasData), (20 bytes).
    Removing segger_rtt.o(i.SEGGER_RTT_HasKey), (36 bytes).
    Removing segger_rtt.o(i.SEGGER_RTT_Init), (8 bytes).
    Removing segger_rtt.o(i.SEGGER_RTT_Read), (24 bytes).
    Removing segger_rtt.o(i.SEGGER_RTT_ReadNoLock), (128 bytes).
    Removing segger_rtt.o(i.SEGGER_RTT_SetNameDownBuffer), (64 bytes).
    Removing segger_rtt.o(i.SEGGER_RTT_SetNameUpBuffer), (64 bytes).
    Removing segger_rtt.o(i.SEGGER_RTT_SetTerminal), (132 bytes).
    Removing segger_rtt.o(i.SEGGER_RTT_TerminalOut), (224 bytes).
    Removing segger_rtt.o(i.SEGGER_RTT_WaitKey), (12 bytes).
    Removing segger_rtt.o(i.SEGGER_RTT_Write), (52 bytes).
    Removing segger_rtt.o(i.SEGGER_RTT_WriteNoLock), (104 bytes).
    Removing segger_rtt.o(i.SEGGER_RTT_WriteSkipNoLock), (160 bytes).
    Removing segger_rtt.o(i.SEGGER_RTT_WriteString), (24 bytes).
    Removing segger_rtt.o(i.SEGGER_RTT_WriteWithOverwriteNoLock), (152 bytes).
    Removing segger_rtt.o(i._DoInit), (108 bytes).
    Removing segger_rtt.o(i._GetAvailWriteSpace), (24 bytes).
    Removing segger_rtt.o(i._PostTerminalSwitch), (28 bytes).
    Removing segger_rtt.o(i._WriteBlocking), (98 bytes).
    Removing segger_rtt.o(i._WriteNoCheck), (62 bytes).
    Removing segger_rtt.o(.bss), (1040 bytes).
    Removing segger_rtt.o(.data), (17 bytes).
    Removing segger_rtt_printf.o(i.SEGGER_RTT_printf), (24 bytes).
    Removing segger_rtt_printf.o(i.SEGGER_RTT_vprintf), (414 bytes).
    Removing segger_rtt_printf.o(i._PrintInt), (230 bytes).
    Removing segger_rtt_printf.o(i._PrintUnsigned), (232 bytes).
    Removing segger_rtt_printf.o(i._StoreChar), (62 bytes).
    Removing segger_rtt_printf.o(.constdata), (16 bytes).
    Removing segger_rtt_syscalls_keil.o(i._sys_close), (4 bytes).
    Removing segger_rtt_syscalls_keil.o(i._sys_command_string), (2 bytes).
    Removing segger_rtt_syscalls_keil.o(i._sys_ensure), (6 bytes).
    Removing segger_rtt_syscalls_keil.o(i._sys_exit), (2 bytes).
    Removing segger_rtt_syscalls_keil.o(i._sys_flen), (4 bytes).
    Removing segger_rtt_syscalls_keil.o(i._sys_istty), (16 bytes).
    Removing segger_rtt_syscalls_keil.o(i._sys_open), (52 bytes).
    Removing segger_rtt_syscalls_keil.o(i._sys_read), (4 bytes).
    Removing segger_rtt_syscalls_keil.o(i._sys_seek), (4 bytes).
    Removing segger_rtt_syscalls_keil.o(i._sys_tmpnam), (4 bytes).
    Removing segger_rtt_syscalls_keil.o(i._sys_write), (28 bytes).
    Removing segger_rtt_syscalls_keil.o(i._ttywrch), (20 bytes).
    Removing segger_rtt_syscalls_keil.o(.constdata), (14 bytes).
    Removing trace.o(.rev16_text), (4 bytes).
    Removing trace.o(.revsh_text), (4 bytes).
    Removing segdriver.o(.rev16_text), (4 bytes).
    Removing segdriver.o(.revsh_text), (4 bytes).
    Removing retarget_io.o(i.__aeabi_assert), (140 bytes).
    Removing retarget_io.o(i.__backspace), (6 bytes).
    Removing retarget_io.o(i.abort), (2 bytes).
    Removing retarget_io.o(i.fgetc), (6 bytes).
    Removing retarget_io.o(i.fputc), (24 bytes).
    Removing retarget_io.o(i.stdout_putchar), (4 bytes).
    Removing fdiv.o(.text), (124 bytes).
    Removing ffltui.o(.text), (14 bytes).
    Removing ffixui.o(.text), (40 bytes).
    Removing dadd.o(.text), (356 bytes).
    Removing dfixul.o(.text), (64 bytes).
    Removing cdrcmple.o(.text), (40 bytes).

420 unused section(s) (total 29326 bytes) removed from the image.

==============================================================================

Adding Veneers to the image

    Adding TT veneer (12 bytes, Long) for call to 'Flash_Erase' from defaultsetup.o(i.ErasePage).
    Adding TT veneer (12 bytes, Long) for call to 'Flash_ConfigRCTC' from flash.o(i.Flash_Init).
    Adding TT veneer (12 bytes, Long) for call to 'Flash_Write' from defaultsetup.o(i.WriteFlashCfg).

3 Veneer(s) (total 36 bytes) added to the image.

==============================================================================

Image Symbol Table

    Local Symbols

    Symbol Name                              Value     Ov Type        Size  Object(Section)

    ../clib/microlib/division.c              0x00000000   Number         0  uidiv.o ABSOLUTE
    ../clib/microlib/division.c              0x00000000   Number         0  idiv.o ABSOLUTE
    ../clib/microlib/division.c              0x00000000   Number         0  uldiv.o ABSOLUTE
    ../clib/microlib/longlong.c              0x00000000   Number         0  llsshr.o ABSOLUTE
    ../clib/microlib/longlong.c              0x00000000   Number         0  llshl.o ABSOLUTE
    ../clib/microlib/longlong.c              0x00000000   Number         0  llushr.o ABSOLUTE
    ../clib/microlib/printf/printf.c         0x00000000   Number         0  printf4.o ABSOLUTE
    ../clib/microlib/printf/printf.c         0x00000000   Number         0  printf6.o ABSOLUTE
    ../clib/microlib/printf/printf.c         0x00000000   Number         0  printf7.o ABSOLUTE
    ../clib/microlib/printf/printf.c         0x00000000   Number         0  printf8.o ABSOLUTE
    ../clib/microlib/printf/printf.c         0x00000000   Number         0  printfa.o ABSOLUTE
    ../clib/microlib/printf/printf.c         0x00000000   Number         0  printf5.o ABSOLUTE
    ../clib/microlib/printf/printf.c         0x00000000   Number         0  printfb.o ABSOLUTE
    ../clib/microlib/printf/printf.c         0x00000000   Number         0  printf0.o ABSOLUTE
    ../clib/microlib/printf/printf.c         0x00000000   Number         0  printf1.o ABSOLUTE
    ../clib/microlib/printf/printf.c         0x00000000   Number         0  printf2.o ABSOLUTE
    ../clib/microlib/printf/printf.c         0x00000000   Number         0  printf3.o ABSOLUTE
    ../clib/microlib/stdio/fflush.c          0x00000000   Number         0  fflush.o ABSOLUTE
    ../clib/microlib/stdio/fputs.c           0x00000000   Number         0  fputs_e.o ABSOLUTE
    ../clib/microlib/stdio/fputs.c           0x00000000   Number         0  fputs.o ABSOLUTE
    ../clib/microlib/stdio/streams.c         0x00000000   Number         0  stdout.o ABSOLUTE
    ../clib/microlib/stdio/streams.c         0x00000000   Number         0  stderr.o ABSOLUTE
    ../clib/microlib/string/memcpy.c         0x00000000   Number         0  memmoveb.o ABSOLUTE
    ../clib/microlib/string/memcpy.c         0x00000000   Number         0  memmovea.o ABSOLUTE
    ../clib/microlib/string/memcpy.c         0x00000000   Number         0  memcpya.o ABSOLUTE
    ../clib/microlib/string/memcpy.c         0x00000000   Number         0  memcpyb.o ABSOLUTE
    ../clib/microlib/string/memset.c         0x00000000   Number         0  memseta.o ABSOLUTE
    ../clib/microlib/string/strcmp.c         0x00000000   Number         0  strcmp.o ABSOLUTE
    ../clib/microlib/string/strcpy.c         0x00000000   Number         0  strcpy.o ABSOLUTE
    ../clib/microlib/string/strlen.c         0x00000000   Number         0  strlen.o ABSOLUTE
    ../clib/microlib/stubs.s                 0x00000000   Number         0  useno.o ABSOLUTE
    ../clib/microlib/stubs.s                 0x00000000   Number         0  iusefp.o ABSOLUTE
    ../fplib/microlib/fpadd.c                0x00000000   Number         0  fadd.o ABSOLUTE
    ../fplib/microlib/fpadd.c                0x00000000   Number         0  dadd.o ABSOLUTE
    ../fplib/microlib/fpdiv.c                0x00000000   Number         0  fdiv.o ABSOLUTE
    ../fplib/microlib/fpdiv.c                0x00000000   Number         0  ddiv.o ABSOLUTE
    ../fplib/microlib/fpepilogue.c           0x00000000   Number         0  depilogue.o ABSOLUTE
    ../fplib/microlib/fpepilogue.c           0x00000000   Number         0  fepilogue.o ABSOLUTE
    ../fplib/microlib/fpfix.c                0x00000000   Number         0  dfixul.o ABSOLUTE
    ../fplib/microlib/fpfix.c                0x00000000   Number         0  dfixi.o ABSOLUTE
    ../fplib/microlib/fpfix.c                0x00000000   Number         0  ffixui.o ABSOLUTE
    ../fplib/microlib/fpfix.c                0x00000000   Number         0  ffixi.o ABSOLUTE
    ../fplib/microlib/fpflt.c                0x00000000   Number         0  fflti.o ABSOLUTE
    ../fplib/microlib/fpflt.c                0x00000000   Number         0  dflti.o ABSOLUTE
    ../fplib/microlib/fpflt.c                0x00000000   Number         0  ffltui.o ABSOLUTE
    ../fplib/microlib/fpmul.c                0x00000000   Number         0  dmul.o ABSOLUTE
    ../fplib/microlib/fpmul.c                0x00000000   Number         0  fmul.o ABSOLUTE
    ..\Users\Algorithm\Spo2Interface.c       0x00000000   Number         0  spo2interface.o ABSOLUTE
    ..\Users\BlueToothDrivers\BluetoothDriver.c 0x00000000   Number         0  bluetoothdriver.o ABSOLUTE
    ..\Users\BuzzDrivers\BuzzDriver.c        0x00000000   Number         0  buzzdriver.o ABSOLUTE
    ..\Users\FuncDrivers\DefaultSetup.c      0x00000000   Number         0  defaultsetup.o ABSOLUTE
    ..\Users\FuncDrivers\LightDriver.c       0x00000000   Number         0  lightdriver.o ABSOLUTE
    ..\Users\FuncDrivers\Preprocess.c        0x00000000   Number         0  preprocess.o ABSOLUTE
    ..\Users\OledDrivers\DisplayDriver.c     0x00000000   Number         0  displaydriver.o ABSOLUTE
    ..\Users\OledDrivers\UG2864Driver.c      0x00000000   Number         0  ug2864driver.o ABSOLUTE
    ..\Users\OledDrivers\fontlibs.c          0x00000000   Number         0  fontlibs.o ABSOLUTE
    ..\Users\SegDrivers\SegDriver.c          0x00000000   Number         0  segdriver.o ABSOLUTE
    ..\Users\SystemDriver.c                  0x00000000   Number         0  systemdriver.o ABSOLUTE
    ..\Users\main.c                          0x00000000   Number         0  main.o ABSOLUTE
    ..\\Users\\Algorithm\\Spo2Interface.c    0x00000000   Number         0  spo2interface.o ABSOLUTE
    ..\\Users\\BlueToothDrivers\\BluetoothDriver.c 0x00000000   Number         0  bluetoothdriver.o ABSOLUTE
    ..\\Users\\BuzzDrivers\\BuzzDriver.c     0x00000000   Number         0  buzzdriver.o ABSOLUTE
    ..\\Users\\FuncDrivers\\DefaultSetup.c   0x00000000   Number         0  defaultsetup.o ABSOLUTE
    ..\\Users\\FuncDrivers\\LightDriver.c    0x00000000   Number         0  lightdriver.o ABSOLUTE
    ..\\Users\\FuncDrivers\\Preprocess.c     0x00000000   Number         0  preprocess.o ABSOLUTE
    ..\\Users\\OledDrivers\\DisplayDriver.c  0x00000000   Number         0  displaydriver.o ABSOLUTE
    ..\\Users\\OledDrivers\\UG2864Driver.c   0x00000000   Number         0  ug2864driver.o ABSOLUTE
    ..\\Users\\SegDrivers\\SegDriver.c       0x00000000   Number         0  segdriver.o ABSOLUTE
    ..\\Users\\SystemDriver.c                0x00000000   Number         0  systemdriver.o ABSOLUTE
    ..\\Users\\main.c                        0x00000000   Number         0  main.o ABSOLUTE
    ..\\common\\src\\system_tcasxxx.c        0x00000000   Number         0  system_tcasxxx.o ABSOLUTE
    ..\\driver\\src\\aes.c                   0x00000000   Number         0  aes.o ABSOLUTE
    ..\\driver\\src\\cmp.c                   0x00000000   Number         0  cmp.o ABSOLUTE
    ..\\driver\\src\\delay.c                 0x00000000   Number         0  delay.o ABSOLUTE
    ..\\driver\\src\\divider.c               0x00000000   Number         0  divider.o ABSOLUTE
    ..\\driver\\src\\dma.c                   0x00000000   Number         0  dma.o ABSOLUTE
    ..\\driver\\src\\flash.c                 0x00000000   Number         0  flash.o ABSOLUTE
    ..\\driver\\src\\gpio.c                  0x00000000   Number         0  gpio.o ABSOLUTE
    ..\\driver\\src\\i2c.c                   0x00000000   Number         0  i2c.o ABSOLUTE
    ..\\driver\\src\\idac.c                  0x00000000   Number         0  idac.o ABSOLUTE
    ..\\driver\\src\\interrupt.c             0x00000000   Number         0  interrupt.o ABSOLUTE
    ..\\driver\\src\\lpm.c                   0x00000000   Number         0  lpm.o ABSOLUTE
    ..\\driver\\src\\lvd.c                   0x00000000   Number         0  lvd.o ABSOLUTE
    ..\\driver\\src\\op.c                    0x00000000   Number         0  op.o ABSOLUTE
    ..\\driver\\src\\rtc.c                   0x00000000   Number         0  rtc.o ABSOLUTE
    ..\\driver\\src\\saradc.c                0x00000000   Number         0  saradc.o ABSOLUTE
    ..\\driver\\src\\spi.c                   0x00000000   Number         0  spi.o ABSOLUTE
    ..\\driver\\src\\tia.c                   0x00000000   Number         0  tia.o ABSOLUTE
    ..\\driver\\src\\timer.c                 0x00000000   Number         0  timer.o ABSOLUTE
    ..\\driver\\src\\trim.c                  0x00000000   Number         0  trim.o ABSOLUTE
    ..\\driver\\src\\uart.c                  0x00000000   Number         0  uart.o ABSOLUTE
    ..\\driver\\src\\vdac.c                  0x00000000   Number         0  vdac.o ABSOLUTE
    ..\\driver\\src\\wdg.c                   0x00000000   Number         0  wdg.o ABSOLUTE
    ..\\midware\\src\\trace.c                0x00000000   Number         0  trace.o ABSOLUTE
    ..\common\src\startup_tcasxxx.s          0x00000000   Number         0  startup_tcasxxx.o ABSOLUTE
    ..\common\src\system_tcasxxx.c           0x00000000   Number         0  system_tcasxxx.o ABSOLUTE
    ..\driver\src\aes.c                      0x00000000   Number         0  aes.o ABSOLUTE
    ..\driver\src\cmp.c                      0x00000000   Number         0  cmp.o ABSOLUTE
    ..\driver\src\delay.c                    0x00000000   Number         0  delay.o ABSOLUTE
    ..\driver\src\divider.c                  0x00000000   Number         0  divider.o ABSOLUTE
    ..\driver\src\dma.c                      0x00000000   Number         0  dma.o ABSOLUTE
    ..\driver\src\flash.c                    0x00000000   Number         0  flash.o ABSOLUTE
    ..\driver\src\gpio.c                     0x00000000   Number         0  gpio.o ABSOLUTE
    ..\driver\src\i2c.c                      0x00000000   Number         0  i2c.o ABSOLUTE
    ..\driver\src\idac.c                     0x00000000   Number         0  idac.o ABSOLUTE
    ..\driver\src\interrupt.c                0x00000000   Number         0  interrupt.o ABSOLUTE
    ..\driver\src\lpm.c                      0x00000000   Number         0  lpm.o ABSOLUTE
    ..\driver\src\lvd.c                      0x00000000   Number         0  lvd.o ABSOLUTE
    ..\driver\src\op.c                       0x00000000   Number         0  op.o ABSOLUTE
    ..\driver\src\rtc.c                      0x00000000   Number         0  rtc.o ABSOLUTE
    ..\driver\src\saradc.c                   0x00000000   Number         0  saradc.o ABSOLUTE
    ..\driver\src\spi.c                      0x00000000   Number         0  spi.o ABSOLUTE
    ..\driver\src\tia.c                      0x00000000   Number         0  tia.o ABSOLUTE
    ..\driver\src\timer.c                    0x00000000   Number         0  timer.o ABSOLUTE
    ..\driver\src\trim.c                     0x00000000   Number         0  trim.o ABSOLUTE
    ..\driver\src\uart.c                     0x00000000   Number         0  uart.o ABSOLUTE
    ..\driver\src\vdac.c                     0x00000000   Number         0  vdac.o ABSOLUTE
    ..\driver\src\wdg.c                      0x00000000   Number         0  wdg.o ABSOLUTE
    ..\midware\RTT\SEGGER_RTT.c              0x00000000   Number         0  segger_rtt.o ABSOLUTE
    ..\midware\RTT\SEGGER_RTT_Syscalls_KEIL.c 0x00000000   Number         0  segger_rtt_syscalls_keil.o ABSOLUTE
    ..\midware\RTT\SEGGER_RTT_printf.c       0x00000000   Number         0  segger_rtt_printf.o ABSOLUTE
    ..\midware\src\trace.c                   0x00000000   Number         0  trace.o ABSOLUTE
    C:\Users\longten\AppData\Local\Arm\Packs\Keil\ARM_Compiler\1.6.2\Source\retarget_io.c 0x00000000   Number         0  retarget_io.o ABSOLUTE
    cdrcmple.s                               0x00000000   Number         0  cdrcmple.o ABSOLUTE
    dc.s                                     0x00000000   Number         0  dc.o ABSOLUTE
    .jump_table_mem_area                     0x00004000   Section       32  interrupt.o(.jump_table_mem_area)
    RAMCODE                                  0x00004020   Section        0  flash.o(RAMCODE)
    .data                                    0x00004114   Section       36  interrupt.o(.data)
    cnt                                      0x00004114   Data           1  interrupt.o(.data)
    gSrtCnt                                  0x00004115   Data           1  interrupt.o(.data)
    ms_count                                 0x00004116   Data           1  interrupt.o(.data)
    sBuzzSet                                 0x00004117   Data           1  interrupt.o(.data)
    sSecCnt                                  0x00004118   Data           1  interrupt.o(.data)
    sCellSpan                                0x0000411a   Data           2  interrupt.o(.data)
    sSpo2Span                                0x0000411c   Data           2  interrupt.o(.data)
    gDrvCur                                  0x0000411e   Data           2  interrupt.o(.data)
    gSampRedAmb                              0x00004124   Data           4  interrupt.o(.data)
    gSampRedSamp                             0x00004128   Data           4  interrupt.o(.data)
    gSampIrdAmb                              0x0000412c   Data           4  interrupt.o(.data)
    gSampIrdSamp                             0x00004130   Data           4  interrupt.o(.data)
    gSampVolt                                0x00004134   Data           4  interrupt.o(.data)
    .data                                    0x00004138   Section        4  system_tcasxxx.o(.data)
    .data                                    0x0000413c   Section        4  defaultsetup.o(.data)
    gBaseAddr                                0x0000413c   Data           4  defaultsetup.o(.data)
    .data                                    0x00004140   Section        6  lightdriver.o(.data)
    sProbeFlag                               0x00004140   Data           1  lightdriver.o(.data)
    sOffDelay                                0x00004141   Data           1  lightdriver.o(.data)
    .data                                    0x00004146   Section        4  preprocess.o(.data)
    sOriPos                                  0x00004148   Data           2  preprocess.o(.data)
    .data                                    0x0000414a   Section       20  displaydriver.o(.data)
    sBlink                                   0x0000414a   Data           1  displaydriver.o(.data)
    sPreIndex                                0x0000414b   Data           1  displaydriver.o(.data)
    sUpdatePos                               0x0000414c   Data           1  displaydriver.o(.data)
    sDelay                                   0x0000414d   Data           1  displaydriver.o(.data)
    sBlink                                   0x0000414e   Data           1  displaydriver.o(.data)
    sOffCnt                                  0x0000414f   Data           1  displaydriver.o(.data)
    oldProbeOff                              0x00004150   Data           1  displaydriver.o(.data)
    showBleLogo                              0x00004151   Data           1  displaydriver.o(.data)
    oldKeyVal                                0x00004152   Data           1  displaydriver.o(.data)
    .data                                    0x0000415e   Section        6  buzzdriver.o(.data)
    .data                                    0x00004164   Section       28  segdriver.o(.data)
    hrd                                      0x00004165   Data           1  segdriver.o(.data)
    ten                                      0x00004166   Data           1  segdriver.o(.data)
    one                                      0x00004167   Data           1  segdriver.o(.data)
    .bss                                     0x00004180   Section       24  defaultsetup.o(.bss)
    .bss                                     0x00004198   Section      108  lightdriver.o(.bss)
    .bss                                     0x00004204   Section       32  preprocess.o(.bss)
    .bss                                     0x00004224   Section     1036  preprocess.o(.bss)
    sDatBuf                                  0x00004610   Data          32  preprocess.o(.bss)
    .bss                                     0x00004630   Section      170  displaydriver.o(.bss)
    .bss                                     0x000046da   Section       16  displaydriver.o(.bss)
    .ARM.__AT_0x00004800                     0x00004800   Section      120  segger_rtt.o(.ARM.__AT_0x00004800)
    STACK                                    0x00004878   Section     1024  startup_tcasxxx.o(STACK)
    RESET                                    0x10000000   Section       76  startup_tcasxxx.o(RESET)
    .text                                    0x1000004c   Section       72  startup_tcasxxx.o(.text)
    .text                                    0x10000094   Section        0  uidiv.o(.text)
    .text                                    0x100000c0   Section        0  idiv.o(.text)
    .text                                    0x100000e8   Section        0  memmovea.o(.text)
    .text                                    0x10000128   Section        0  memseta.o(.text)
    .text                                    0x1000014c   Section        0  fadd.o(.text)
    .text                                    0x100001fe   Section        0  fmul.o(.text)
    .text                                    0x10000278   Section        0  dmul.o(.text)
    .text                                    0x10000348   Section        0  ddiv.o(.text)
    .text                                    0x10000438   Section        0  fflti.o(.text)
    .text                                    0x10000450   Section        0  dflti.o(.text)
    .text                                    0x10000478   Section        0  ffixi.o(.text)
    .text                                    0x100004ac   Section        0  dfixi.o(.text)
    .text                                    0x100004f4   Section        0  llushr.o(.text)
    .text                                    0x10000516   Section        0  fepilogue.o(.text)
    .text                                    0x10000516   Section        0  iusefp.o(.text)
    .text                                    0x10000598   Section        0  depilogue.o(.text)
    .text                                    0x10000656   Section        0  llshl.o(.text)
    i.ADT_StartTimer                         0x1000069c   Section        0  timer.o(i.ADT_StartTimer)
    i.Cmp_CLKConfig                          0x100006a8   Section        0  cmp.o(i.Cmp_CLKConfig)
    i.Cmp_Enable                             0x10000704   Section        0  cmp.o(i.Cmp_Enable)
    i.Cmp_Init                               0x10000724   Section        0  cmp.o(i.Cmp_Init)
    i.Cmp_VrefConfig                         0x100008dc   Section        0  cmp.o(i.Cmp_VrefConfig)
    i.CopyDataRWtoImage                      0x10000988   Section        0  system_tcasxxx.o(i.CopyDataRWtoImage)
    i.DMA_Init                               0x100009b4   Section        0  dma.o(i.DMA_Init)
    i.DMA_StartChannel                       0x100009fc   Section        0  dma.o(i.DMA_StartChannel)
    i.DelayForCommandExeDone                 0x10000a14   Section        0  delay.o(i.DelayForCommandExeDone)
    i.Display_Init                           0x10000a36   Section        0  displaydriver.o(i.Display_Init)
    i.ErasePage                              0x10000a38   Section        0  defaultsetup.o(i.ErasePage)
    i.Flash_DeInit                           0x10000a44   Section        0  flash.o(i.Flash_DeInit)
    i.Flash_Init                             0x10000a50   Section        0  flash.o(i.Flash_Init)
    i.GPIO_ClearBits                         0x10000a68   Section        0  gpio.o(i.GPIO_ClearBits)
    i.GPIO_ClrAFMode                         0x10000a94   Section        0  gpio.o(i.GPIO_ClrAFMode)
    i.GPIO_Config                            0x10000ab0   Section        0  gpio.o(i.GPIO_Config)
    i.GPIO_ExtModeConfig                     0x10000ae4   Section        0  gpio.o(i.GPIO_ExtModeConfig)
    i.GPIO_Init                              0x10000bb6   Section        0  gpio.o(i.GPIO_Init)
    i.GPIO_PinMuxAdrMap                      0x10000cb0   Section        0  gpio.o(i.GPIO_PinMuxAdrMap)
    GPIO_PinMuxAdrMap                        0x10000cb1   Thumb Code    98  gpio.o(i.GPIO_PinMuxAdrMap)
    i.GPIO_RegisterMap                       0x10000d1c   Section        0  gpio.o(i.GPIO_RegisterMap)
    GPIO_RegisterMap                         0x10000d1d   Thumb Code    96  gpio.o(i.GPIO_RegisterMap)
    i.GPIO_SetAFMode                         0x10000d84   Section        0  gpio.o(i.GPIO_SetAFMode)
    i.GPIO_SetBits                           0x10000dbe   Section        0  gpio.o(i.GPIO_SetBits)
    i.HardFault_Handler                      0x10000dea   Section        0  interrupt.o(i.HardFault_Handler)
    i.IC_PowupInit                           0x10000dec   Section        0  interrupt.o(i.IC_PowupInit)
    i.IWDG_ClearITPending                    0x10000e34   Section        0  wdg.o(i.IWDG_ClearITPending)
    i.IWDG_Enable                            0x10000e64   Section        0  wdg.o(i.IWDG_Enable)
    i.IWDG_GetITFlag                         0x10000e74   Section        0  wdg.o(i.IWDG_GetITFlag)
    i.IwdgCallback                           0x10000ea4   Section        0  systemdriver.o(i.IwdgCallback)
    i.Light_AdaptBaselineSet                 0x10000edc   Section        0  lightdriver.o(i.Light_AdaptBaselineSet)
    i.Light_AdjustDrive                      0x10000fdc   Section        0  lightdriver.o(i.Light_AdjustDrive)
    i.Light_ProbeDriveAdjust                 0x10001130   Section        0  lightdriver.o(i.Light_ProbeDriveAdjust)
    i.Light_StatSampleACVariety              0x10001240   Section        0  lightdriver.o(i.Light_StatSampleACVariety)
    Light_StatSampleACVariety                0x10001241   Thumb Code   616  lightdriver.o(i.Light_StatSampleACVariety)
    i.NMI_Handler                            0x100014b4   Section        0  interrupt.o(i.NMI_Handler)
    i.OP2_OutPadConfig                       0x100014b8   Section        0  op.o(i.OP2_OutPadConfig)
    i.OP2_VinPadConfig                       0x100014d0   Section        0  op.o(i.OP2_VinPadConfig)
    i.OP2_VipPadConfig                       0x100014e8   Section        0  op.o(i.OP2_VipPadConfig)
    i.OPA_Enable                             0x10001500   Section        0  op.o(i.OPA_Enable)
    i.OPA_Init                               0x10001524   Section        0  op.o(i.OPA_Init)
    i.PendSV_Handler                         0x10001634   Section        0  interrupt.o(i.PendSV_Handler)
    i.PeripheralsRxDmaConfig                 0x10001638   Section        0  dma.o(i.PeripheralsRxDmaConfig)
    i.PrintInit                              0x100016b0   Section        0  trace.o(i.PrintInit)
    i.Process_FixedSmoothFilter              0x100016b4   Section        0  preprocess.o(i.Process_FixedSmoothFilter)
    Process_FixedSmoothFilter                0x100016b5   Thumb Code   280  preprocess.o(i.Process_FixedSmoothFilter)
    i.Process_LowPassFiltFIR                 0x100017d8   Section        0  preprocess.o(i.Process_LowPassFiltFIR)
    Process_LowPassFiltFIR                   0x100017d9   Thumb Code   188  preprocess.o(i.Process_LowPassFiltFIR)
    i.Process_ResampleSignal                 0x1000189c   Section        0  preprocess.o(i.Process_ResampleSignal)
    Process_ResampleSignal                   0x1000189d   Thumb Code   192  preprocess.o(i.Process_ResampleSignal)
    i.Process_SampleData                     0x10001968   Section        0  preprocess.o(i.Process_SampleData)
    i.ReadFlashCfg                           0x10001a34   Section        0  defaultsetup.o(i.ReadFlashCfg)
    i.SVC_Handler                            0x10001aa4   Section        0  interrupt.o(i.SVC_Handler)
    i.SYS_ADC_Init                           0x10001aa8   Section        0  systemdriver.o(i.SYS_ADC_Init)
    SYS_ADC_Init                             0x10001aa9   Thumb Code   232  systemdriver.o(i.SYS_ADC_Init)
    i.SYS_GPIO_Init                          0x10001ba4   Section        0  systemdriver.o(i.SYS_GPIO_Init)
    SYS_GPIO_Init                            0x10001ba5   Thumb Code   392  systemdriver.o(i.SYS_GPIO_Init)
    i.SYS_Hardware_Init                      0x10001d38   Section        0  systemdriver.o(i.SYS_Hardware_Init)
    i.SYS_Interrupt_Enable                   0x10001d54   Section        0  systemdriver.o(i.SYS_Interrupt_Enable)
    i.SYS_ModuleDrive_Init                   0x10001dac   Section        0  systemdriver.o(i.SYS_ModuleDrive_Init)
    i.SYS_OPA_Init                           0x10001db8   Section        0  systemdriver.o(i.SYS_OPA_Init)
    SYS_OPA_Init                             0x10001db9   Thumb Code   136  systemdriver.o(i.SYS_OPA_Init)
    i.SYS_PressKey_Init                      0x10001e40   Section        0  systemdriver.o(i.SYS_PressKey_Init)
    SYS_PressKey_Init                        0x10001e41   Thumb Code    64  systemdriver.o(i.SYS_PressKey_Init)
    i.SYS_TIMER_Init                         0x10001e80   Section        0  systemdriver.o(i.SYS_TIMER_Init)
    SYS_TIMER_Init                           0x10001e81   Thumb Code    20  systemdriver.o(i.SYS_TIMER_Init)
    i.SYS_TIMER_PWM_Init                     0x10001e9c   Section        0  systemdriver.o(i.SYS_TIMER_PWM_Init)
    SYS_TIMER_PWM_Init                       0x10001e9d   Thumb Code    56  systemdriver.o(i.SYS_TIMER_PWM_Init)
    i.SetTimer                               0x10001ed8   Section        0  timer.o(i.SetTimer)
    i.Setup_RestoreDevice                    0x10001f50   Section        0  defaultsetup.o(i.Setup_RestoreDevice)
    i.SysCheckTrimValid                      0x10001f80   Section        0  system_tcasxxx.o(i.SysCheckTrimValid)
    i.SysTick_Handler                        0x10001fd4   Section        0  interrupt.o(i.SysTick_Handler)
    i.SystemAnlogTrim                        0x10001fd6   Section        0  system_tcasxxx.o(i.SystemAnlogTrim)
    i.SystemConfigFlash                      0x10001fd8   Section        0  system_tcasxxx.o(i.SystemConfigFlash)
    i.SystemCoreClockUpdate                  0x10001ffc   Section        0  system_tcasxxx.o(i.SystemCoreClockUpdate)
    i.SystemCoreSwitchHclkSrc                0x1000200c   Section        0  system_tcasxxx.o(i.SystemCoreSwitchHclkSrc)
    i.SystemGetHClkFreq                      0x10002070   Section        0  system_tcasxxx.o(i.SystemGetHClkFreq)
    i.SystemInit                             0x100020e4   Section        0  system_tcasxxx.o(i.SystemInit)
    i.TCmain                                 0x10002150   Section        0  main.o(i.TCmain)
    i.Tia_Enable                             0x10002188   Section        0  tia.o(i.Tia_Enable)
    i.Tia_Init                               0x10002198   Section        0  tia.o(i.Tia_Init)
    i.TriggerSARAdcStart                     0x10002284   Section        0  saradc.o(i.TriggerSARAdcStart)
    i.WriteFlashCfg                          0x100022a4   Section        0  defaultsetup.o(i.WriteFlashCfg)
    i.__ARM_clz                              0x100022fc   Section        0  depilogue.o(i.__ARM_clz)
    i.__ARM_common_switch8                   0x1000232a   Section        0  lpm.o(i.__ARM_common_switch8)
    i.__NVIC_ClearPendingIRQ                 0x10002344   Section        0  interrupt.o(i.__NVIC_ClearPendingIRQ)
    __NVIC_ClearPendingIRQ                   0x10002345   Thumb Code    18  interrupt.o(i.__NVIC_ClearPendingIRQ)
    i.__NVIC_EnableIRQ                       0x1000235c   Section        0  systemdriver.o(i.__NVIC_EnableIRQ)
    __NVIC_EnableIRQ                         0x1000235d   Thumb Code    18  systemdriver.o(i.__NVIC_EnableIRQ)
    i.__NVIC_SetPriority                     0x10002374   Section        0  systemdriver.o(i.__NVIC_SetPriority)
    __NVIC_SetPriority                       0x10002375   Thumb Code    60  systemdriver.o(i.__NVIC_SetPriority)
    i.aic_IRQHandler                         0x100023b8   Section        0  interrupt.o(i.aic_IRQHandler)
    i.delay1ms                               0x1000245c   Section        0  delay.o(i.delay1ms)
    i.fic_IRQHandler                         0x100024ac   Section        0  interrupt.o(i.fic_IRQHandler)
    i.lic_IRQHandler                         0x10002718   Section        0  interrupt.o(i.lic_IRQHandler)
    i.lowLevelInit                           0x100027c8   Section        0  segdriver.o(i.lowLevelInit)
    lowLevelInit                             0x100027c9   Thumb Code   246  segdriver.o(i.lowLevelInit)
    i.seg1_num_load                          0x100028be   Section        0  segdriver.o(i.seg1_num_load)
    seg1_num_load                            0x100028bf   Thumb Code   320  segdriver.o(i.seg1_num_load)
    i.seg1_show                              0x100029fe   Section        0  segdriver.o(i.seg1_show)
    seg1_show                                0x100029ff   Thumb Code    22  segdriver.o(i.seg1_show)
    i.seg2_num_load                          0x10002a14   Section        0  segdriver.o(i.seg2_num_load)
    seg2_num_load                            0x10002a15   Thumb Code   320  segdriver.o(i.seg2_num_load)
    i.seg2_show                              0x10002b54   Section        0  segdriver.o(i.seg2_show)
    seg2_show                                0x10002b55   Thumb Code    22  segdriver.o(i.seg2_show)
    i.seg3_num_load                          0x10002b6a   Section        0  segdriver.o(i.seg3_num_load)
    seg3_num_load                            0x10002b6b   Thumb Code   320  segdriver.o(i.seg3_num_load)
    i.seg3_show                              0x10002caa   Section        0  segdriver.o(i.seg3_show)
    seg3_show                                0x10002cab   Thumb Code    22  segdriver.o(i.seg3_show)
    i.seg4_num_load                          0x10002cc0   Section        0  segdriver.o(i.seg4_num_load)
    seg4_num_load                            0x10002cc1   Thumb Code   320  segdriver.o(i.seg4_num_load)
    i.seg4_show                              0x10002e00   Section        0  segdriver.o(i.seg4_show)
    seg4_show                                0x10002e01   Thumb Code    22  segdriver.o(i.seg4_show)
    i.seg5_num_load                          0x10002e16   Section        0  segdriver.o(i.seg5_num_load)
    seg5_num_load                            0x10002e17   Thumb Code   320  segdriver.o(i.seg5_num_load)
    i.seg5_show                              0x10002f56   Section        0  segdriver.o(i.seg5_show)
    seg5_show                                0x10002f57   Thumb Code    22  segdriver.o(i.seg5_show)
    i.seg6_num_load                          0x10002f6c   Section        0  segdriver.o(i.seg6_num_load)
    seg6_num_load                            0x10002f6d   Thumb Code   320  segdriver.o(i.seg6_num_load)
    i.seg6_show                              0x100030ac   Section        0  segdriver.o(i.seg6_show)
    seg6_show                                0x100030ad   Thumb Code    22  segdriver.o(i.seg6_show)
    i.seg7_num_load                          0x100030c2   Section        0  segdriver.o(i.seg7_num_load)
    seg7_num_load                            0x100030c3   Thumb Code   320  segdriver.o(i.seg7_num_load)
    i.seg7_show                              0x10003202   Section        0  segdriver.o(i.seg7_show)
    seg7_show                                0x10003203   Thumb Code    22  segdriver.o(i.seg7_show)
    i.seg8_num_load                          0x10003218   Section        0  segdriver.o(i.seg8_num_load)
    seg8_num_load                            0x10003219   Thumb Code   320  segdriver.o(i.seg8_num_load)
    i.seg8_show                              0x10003358   Section        0  segdriver.o(i.seg8_show)
    seg8_show                                0x10003359   Thumb Code    22  segdriver.o(i.seg8_show)
    i.segSetUp                               0x10003370   Section        0  segdriver.o(i.segSetUp)
    i.segShow                                0x10003388   Section        0  segdriver.o(i.segShow)
    i.seg_show_thread                        0x10003480   Section        0  segdriver.o(i.seg_show_thread)
    i.stateShow                              0x100036d0   Section        0  segdriver.o(i.stateShow)
    .constdata                               0x100039f8   Section       32  op.o(.constdata)
    .constdata                               0x10003a18   Section       96  preprocess.o(.constdata)

    Global Symbols

    Symbol Name                              Value     Ov Type        Size  Object(Section)

    BuildAttributes$$THM_ISAv3M$S$PE$A:L22$X:L11$S22$IEEE1$IW$USESV6$~STKCKD$USESV7$~SHL$OTIME$ROPI$EBA8$MICROLIB$REQ8$PRES8$EABIv2 0x00000000   Number         0  anon$$obj.o ABSOLUTE
    __use_no_errno                           0x00000000   Number         0  useno.o ABSOLUTE
    __use_no_exception_handling              0x00000000   Number         0  useno.o ABSOLUTE
    __use_no_fp                              0x00000000   Number         0  useno.o ABSOLUTE
    __use_no_heap                            0x00000000   Number         0  useno.o ABSOLUTE
    __use_no_heap_region                     0x00000000   Number         0  useno.o ABSOLUTE
    __use_no_semihosting                     0x00000000   Number         0  useno.o ABSOLUTE
    __use_no_semihosting_swi                 0x00000000   Number         0  useno.o ABSOLUTE
    __use_no_signal_handling                 0x00000000   Number         0  useno.o ABSOLUTE
    __Vectors_Size                           0x0000004c   Number         0  startup_tcasxxx.o ABSOLUTE
    Image$$RW_IRAM1$$Length                  0x00000160   Number         0  anon$$obj.o ABSOLUTE
    jump_table_base                          0x00004000   Data          32  interrupt.o(.jump_table_mem_area)
    Flash_ConfigRCTC                         0x00004021   Thumb Code    16  flash.o(RAMCODE)
    Image$$RW_IRAM1$$Base                    0x00004020   Number         0  anon$$obj.o ABSOLUTE
    Flash_Erase                              0x00004031   Thumb Code    46  flash.o(RAMCODE)
    Flash_Write                              0x0000405f   Thumb Code    28  flash.o(RAMCODE)
    NVR_Erase                                0x0000407b   Thumb Code    94  flash.o(RAMCODE)
    NVR_Write                                0x000040d9   Thumb Code    50  flash.o(RAMCODE)
    gSumVal                                  0x00004120   Data           4  interrupt.o(.data)
    SystemCoreClock                          0x00004138   Data           4  system_tcasxxx.o(.data)
    gDriveRed                                0x00004142   Data           2  lightdriver.o(.data)
    gDriveIrd                                0x00004144   Data           2  lightdriver.o(.data)
    is_new_sample_ready                      0x00004146   Data           1  preprocess.o(.data)
    gInitCnt                                 0x00004147   Data           1  preprocess.o(.data)
    gCellVolt                                0x00004154   Data           2  displaydriver.o(.data)
    gKeyCtrl                                 0x00004156   Data           8  displaydriver.o(.data)
    gBeepCtrl                                0x0000415e   Data           6  buzzdriver.o(.data)
    isShowHeartSign                          0x00004164   Data           1  segdriver.o(.data)
    state                                    0x00004168   Data           1  segdriver.o(.data)
    PT_SpO2                                  0x0000416a   Data           2  segdriver.o(.data)
    SEM_POLL                                 0x0000416c   Data           4  segdriver.o(.data)
    anode_table                              0x00004170   Data          16  segdriver.o(.data)
    Image$$RW_IRAM1$$ZI$$Base                0x00004180   Number         0  anon$$obj.o ABSOLUTE
    gCfgCtrl                                 0x00004180   Data          24  defaultsetup.o(.bss)
    gCtrlRed                                 0x00004198   Data          16  lightdriver.o(.bss)
    gCtrlIrd                                 0x000041a8   Data          16  lightdriver.o(.bss)
    gAdptRed                                 0x000041b8   Data          16  lightdriver.o(.bss)
    gAdptIrd                                 0x000041c8   Data          16  lightdriver.o(.bss)
    gFluCtrl                                 0x000041d8   Data          44  lightdriver.o(.bss)
    gDmaAdcBuf                               0x00004204   Data          32  preprocess.o(.bss)
    gSampArray                               0x00004224   Data          24  preprocess.o(.bss)
    gFirBuf                                  0x0000423c   Data         384  preprocess.o(.bss)
    gSmoCtrl                                 0x000043bc   Data         596  preprocess.o(.bss)
    gMenuBuf                                 0x00004630   Data         120  displaydriver.o(.bss)
    gGuiCtrl                                 0x000046a8   Data          20  displaydriver.o(.bss)
    gAlmCtrl                                 0x000046bc   Data          12  displaydriver.o(.bss)
    gSatParam                                0x000046c8   Data          18  displaydriver.o(.bss)
    gSatSamp                                 0x000046da   Data          16  displaydriver.o(.bss)
    _SEGGER_RTT                              0x00004800   Data         120  segger_rtt.o(.ARM.__AT_0x00004800)
    Image$$RW_IRAM1$$ZI$$Limit               0x00004c78   Number         0  anon$$obj.o ABSOLUTE
    __initial_sp                             0x00004c78   Data           0  startup_tcasxxx.o(STACK)
    __Vectors                                0x10000000   Data           4  startup_tcasxxx.o(RESET)
    Reset_Handler                            0x1000004d   Thumb Code    28  startup_tcasxxx.o(.text)
    __Vectors_End                            0x1000004c   Data           0  startup_tcasxxx.o(RESET)
    __aeabi_uidiv                            0x10000095   Thumb Code     0  uidiv.o(.text)
    __aeabi_uidivmod                         0x10000095   Thumb Code    44  uidiv.o(.text)
    __aeabi_idiv                             0x100000c1   Thumb Code     0  idiv.o(.text)
    __aeabi_idivmod                          0x100000c1   Thumb Code    40  idiv.o(.text)
    ___aeabi_memcpy8$move                    0x100000e9   Thumb Code     0  memmovea.o(.text)
    __aeabi_memcpy                           0x100000e9   Thumb Code    64  memmovea.o(.text)
    __aeabi_memcpy4                          0x100000e9   Thumb Code     0  memmovea.o(.text)
    __aeabi_memmove                          0x100000e9   Thumb Code     0  memmovea.o(.text)
    __aeabi_memmove4                         0x100000e9   Thumb Code     0  memmovea.o(.text)
    __aeabi_memmove8                         0x100000e9   Thumb Code     0  memmovea.o(.text)
    __aeabi_memset                           0x10000129   Thumb Code    14  memseta.o(.text)
    __aeabi_memset4                          0x10000129   Thumb Code     0  memseta.o(.text)
    __aeabi_memset8                          0x10000129   Thumb Code     0  memseta.o(.text)
    __aeabi_memclr                           0x10000137   Thumb Code     4  memseta.o(.text)
    __aeabi_memclr4                          0x10000137   Thumb Code     0  memseta.o(.text)
    __aeabi_memclr8                          0x10000137   Thumb Code     0  memseta.o(.text)
    _memset$wrapper                          0x1000013b   Thumb Code    18  memseta.o(.text)
    __aeabi_fadd                             0x1000014d   Thumb Code   162  fadd.o(.text)
    __aeabi_fsub                             0x100001ef   Thumb Code     8  fadd.o(.text)
    __aeabi_frsub                            0x100001f7   Thumb Code     8  fadd.o(.text)
    __aeabi_fmul                             0x100001ff   Thumb Code   122  fmul.o(.text)
    __aeabi_dmul                             0x10000279   Thumb Code   202  dmul.o(.text)
    __aeabi_ddiv                             0x10000349   Thumb Code   234  ddiv.o(.text)
    __aeabi_i2f                              0x10000439   Thumb Code    22  fflti.o(.text)
    __aeabi_i2d                              0x10000451   Thumb Code    34  dflti.o(.text)
    __aeabi_f2iz                             0x10000479   Thumb Code    50  ffixi.o(.text)
    __aeabi_d2iz                             0x100004ad   Thumb Code    62  dfixi.o(.text)
    __aeabi_llsr                             0x100004f5   Thumb Code    34  llushr.o(.text)
    _ll_ushift_r                             0x100004f5   Thumb Code     0  llushr.o(.text)
    __I$use$fp                               0x10000517   Thumb Code     0  iusefp.o(.text)
    _float_round                             0x10000517   Thumb Code    16  fepilogue.o(.text)
    _float_epilogue                          0x10000527   Thumb Code   114  fepilogue.o(.text)
    _double_round                            0x10000599   Thumb Code    26  depilogue.o(.text)
    _double_epilogue                         0x100005b3   Thumb Code   164  depilogue.o(.text)
    __aeabi_llsl                             0x10000657   Thumb Code    32  llshl.o(.text)
    _ll_shift_l                              0x10000657   Thumb Code     0  llshl.o(.text)
    Long Thumb to Thumb Veneer to Flash_Erase 0x10000679   Thumb Code    12  anon$$obj.o(Veneer$$Code)
    Long Thumb to Thumb Veneer to Flash_ConfigRCTC 0x10000685   Thumb Code    12  anon$$obj.o(Veneer$$Code)
    Long Thumb to Thumb Veneer to Flash_Write 0x10000691   Thumb Code    12  anon$$obj.o(Veneer$$Code)
    ADT_StartTimer                           0x1000069d   Thumb Code    12  timer.o(i.ADT_StartTimer)
    Cmp_CLKConfig                            0x100006a9   Thumb Code    80  cmp.o(i.Cmp_CLKConfig)
    Cmp_Enable                               0x10000705   Thumb Code    28  cmp.o(i.Cmp_Enable)
    Cmp_Init                                 0x10000725   Thumb Code   432  cmp.o(i.Cmp_Init)
    Cmp_VrefConfig                           0x100008dd   Thumb Code   166  cmp.o(i.Cmp_VrefConfig)
    CopyDataRWtoImage                        0x10000989   Thumb Code    32  system_tcasxxx.o(i.CopyDataRWtoImage)
    DMA_Init                                 0x100009b5   Thumb Code    58  dma.o(i.DMA_Init)
    DMA_StartChannel                         0x100009fd   Thumb Code    18  dma.o(i.DMA_StartChannel)
    DelayForCommandExeDone                   0x10000a15   Thumb Code    34  delay.o(i.DelayForCommandExeDone)
    Display_Init                             0x10000a37   Thumb Code     2  displaydriver.o(i.Display_Init)
    ErasePage                                0x10000a39   Thumb Code    10  defaultsetup.o(i.ErasePage)
    Flash_DeInit                             0x10000a45   Thumb Code     8  flash.o(i.Flash_DeInit)
    Flash_Init                               0x10000a51   Thumb Code    16  flash.o(i.Flash_Init)
    GPIO_ClearBits                           0x10000a69   Thumb Code    44  gpio.o(i.GPIO_ClearBits)
    GPIO_ClrAFMode                           0x10000a95   Thumb Code    28  gpio.o(i.GPIO_ClrAFMode)
    GPIO_Config                              0x10000ab1   Thumb Code    52  gpio.o(i.GPIO_Config)
    GPIO_ExtModeConfig                       0x10000ae5   Thumb Code   210  gpio.o(i.GPIO_ExtModeConfig)
    GPIO_Init                                0x10000bb7   Thumb Code   248  gpio.o(i.GPIO_Init)
    GPIO_SetAFMode                           0x10000d85   Thumb Code    58  gpio.o(i.GPIO_SetAFMode)
    GPIO_SetBits                             0x10000dbf   Thumb Code    44  gpio.o(i.GPIO_SetBits)
    HardFault_Handler                        0x10000deb   Thumb Code     2  interrupt.o(i.HardFault_Handler)
    IC_PowupInit                             0x10000ded   Thumb Code    36  interrupt.o(i.IC_PowupInit)
    IWDG_ClearITPending                      0x10000e35   Thumb Code    44  wdg.o(i.IWDG_ClearITPending)
    IWDG_Enable                              0x10000e65   Thumb Code    12  wdg.o(i.IWDG_Enable)
    IWDG_GetITFlag                           0x10000e75   Thumb Code    42  wdg.o(i.IWDG_GetITFlag)
    IwdgCallback                             0x10000ea5   Thumb Code    46  systemdriver.o(i.IwdgCallback)
    Light_AdaptBaselineSet                   0x10000edd   Thumb Code   246  lightdriver.o(i.Light_AdaptBaselineSet)
    Light_AdjustDrive                        0x10000fdd   Thumb Code   326  lightdriver.o(i.Light_AdjustDrive)
    Light_ProbeDriveAdjust                   0x10001131   Thumb Code   250  lightdriver.o(i.Light_ProbeDriveAdjust)
    NMI_Handler                              0x100014b5   Thumb Code     2  interrupt.o(i.NMI_Handler)
    OP2_OutPadConfig                         0x100014b9   Thumb Code    18  op.o(i.OP2_OutPadConfig)
    OP2_VinPadConfig                         0x100014d1   Thumb Code    18  op.o(i.OP2_VinPadConfig)
    OP2_VipPadConfig                         0x100014e9   Thumb Code    18  op.o(i.OP2_VipPadConfig)
    OPA_Enable                               0x10001501   Thumb Code    30  op.o(i.OPA_Enable)
    OPA_Init                                 0x10001525   Thumb Code   266  op.o(i.OPA_Init)
    PendSV_Handler                           0x10001635   Thumb Code     2  interrupt.o(i.PendSV_Handler)
    PeripheralsRxDmaConfig                   0x10001639   Thumb Code   104  dma.o(i.PeripheralsRxDmaConfig)
    PrintInit                                0x100016b1   Thumb Code     2  trace.o(i.PrintInit)
    Process_SampleData                       0x10001969   Thumb Code   190  preprocess.o(i.Process_SampleData)
    ReadFlashCfg                             0x10001a35   Thumb Code    98  defaultsetup.o(i.ReadFlashCfg)
    SVC_Handler                              0x10001aa5   Thumb Code     2  interrupt.o(i.SVC_Handler)
    SYS_Hardware_Init                        0x10001d39   Thumb Code    28  systemdriver.o(i.SYS_Hardware_Init)
    SYS_Interrupt_Enable                     0x10001d55   Thumb Code    72  systemdriver.o(i.SYS_Interrupt_Enable)
    SYS_ModuleDrive_Init                     0x10001dad   Thumb Code    12  systemdriver.o(i.SYS_ModuleDrive_Init)
    SetTimer                                 0x10001ed9   Thumb Code   120  timer.o(i.SetTimer)
    Setup_RestoreDevice                      0x10001f51   Thumb Code    40  defaultsetup.o(i.Setup_RestoreDevice)
    SysCheckTrimValid                        0x10001f81   Thumb Code    74  system_tcasxxx.o(i.SysCheckTrimValid)
    SysTick_Handler                          0x10001fd5   Thumb Code     2  interrupt.o(i.SysTick_Handler)
    SystemAnlogTrim                          0x10001fd7   Thumb Code     2  system_tcasxxx.o(i.SystemAnlogTrim)
    SystemConfigFlash                        0x10001fd9   Thumb Code    28  system_tcasxxx.o(i.SystemConfigFlash)
    SystemCoreClockUpdate                    0x10001ffd   Thumb Code    12  system_tcasxxx.o(i.SystemCoreClockUpdate)
    SystemCoreSwitchHclkSrc                  0x1000200d   Thumb Code    92  system_tcasxxx.o(i.SystemCoreSwitchHclkSrc)
    SystemGetHClkFreq                        0x10002071   Thumb Code    84  system_tcasxxx.o(i.SystemGetHClkFreq)
    SystemInit                               0x100020e5   Thumb Code    96  system_tcasxxx.o(i.SystemInit)
    TCmain                                   0x10002151   Thumb Code    46  main.o(i.TCmain)
    Tia_Enable                               0x10002189   Thumb Code    12  tia.o(i.Tia_Enable)
    Tia_Init                                 0x10002199   Thumb Code   232  tia.o(i.Tia_Init)
    TriggerSARAdcStart                       0x10002285   Thumb Code    26  saradc.o(i.TriggerSARAdcStart)
    WriteFlashCfg                            0x100022a5   Thumb Code    70  defaultsetup.o(i.WriteFlashCfg)
    __ARM_clz                                0x100022fd   Thumb Code    46  depilogue.o(i.__ARM_clz)
    __ARM_common_switch8                     0x1000232b   Thumb Code    26  lpm.o(i.__ARM_common_switch8)
    aic_IRQHandler                           0x100023b9   Thumb Code   142  interrupt.o(i.aic_IRQHandler)
    delay1ms                                 0x1000245d   Thumb Code    66  delay.o(i.delay1ms)
    fic_IRQHandler                           0x100024ad   Thumb Code   550  interrupt.o(i.fic_IRQHandler)
    lic_IRQHandler                           0x10002719   Thumb Code   158  interrupt.o(i.lic_IRQHandler)
    segSetUp                                 0x10003371   Thumb Code    18  segdriver.o(i.segSetUp)
    segShow                                  0x10003389   Thumb Code   242  segdriver.o(i.segShow)
    seg_show_thread                          0x10003481   Thumb Code   572  segdriver.o(i.seg_show_thread)
    stateShow                                0x100036d1   Thumb Code   808  segdriver.o(i.stateShow)
    gSampleFIR                               0x10003a18   Data          96  preprocess.o(.constdata)
    Load$$RW_IRAM1$$Base                     0x10003a98   Number         0  anon$$obj.o ABSOLUTE



==============================================================================

Memory Map of the image

  Image Entry point : 0x1000004d

  Load Region LR_IROM1 (Base: 0x10000000, Size: 0x00003bf8, Max: 0x00010000, ABSOLUTE)

    Execution Region JUMP_TABLE (Exec base: 0x00004000, Load base: 0x10003a78, Size: 0x00000020, Max: 0x00000020, ABSOLUTE)

    Exec Addr    Load Addr    Size         Type   Attr      Idx    E Section Name        Object

    0x00004000   0x10003a78   0x00000020   Data   RW         1290    .jump_table_mem_area  interrupt.o


    Execution Region RW_IRAM1 (Exec base: 0x00004020, Load base: 0x10003a98, Size: 0x00000c58, Max: 0x00001fe0, ABSOLUTE)

    Exec Addr    Load Addr    Size         Type   Attr      Idx    E Section Name        Object

    0x00004020   0x10003a98   0x000000f4   Code   RO         1173    RAMCODE             flash.o
    0x00004114   0x10003b8c   0x00000024   Data   RW         1289    .data               interrupt.o
    0x00004138   0x10003bb0   0x00000004   Data   RW         2028    .data               system_tcasxxx.o
    0x0000413c   0x10003bb4   0x00000004   Data   RW         2097    .data               defaultsetup.o
    0x00004140   0x10003bb8   0x00000006   Data   RW         2153    .data               lightdriver.o
    0x00004146   0x10003bbe   0x00000004   Data   RW         2213    .data               preprocess.o
    0x0000414a   0x10003bc2   0x00000014   Data   RW         2303    .data               displaydriver.o
    0x0000415e   0x10003bd6   0x00000006   Data   RW         2737    .data               buzzdriver.o
    0x00004164   0x10003bdc   0x0000001c   Data   RW         3096    .data               segdriver.o
    0x00004180        -       0x00000018   Zero   RW         2095    .bss                defaultsetup.o
    0x00004198        -       0x0000006c   Zero   RW         2151    .bss                lightdriver.o
    0x00004204        -       0x00000020   Zero   RW         2210    .bss                preprocess.o
    0x00004224        -       0x0000040c   Zero   RW         2211    .bss                preprocess.o
    0x00004630        -       0x000000aa   Zero   RW         2300    .bss                displaydriver.o
    0x000046da        -       0x00000010   Zero   RW         2301    .bss                displaydriver.o
    0x000046ea   0x10003bf8   0x00000116   PAD
    0x00004800        -       0x00000078   Zero   RW         2785    .ARM.__AT_0x00004800  segger_rtt.o
    0x00004878        -       0x00000400   Zero   RW         2011    STACK               startup_tcasxxx.o


    Execution Region ER_IROM1 (Exec base: 0x10000000, Load base: 0x10000000, Size: 0x00003a78, Max: 0x00010000, ABSOLUTE)

    Exec Addr    Load Addr    Size         Type   Attr      Idx    E Section Name        Object

    0x10000000   0x10000000   0x0000004c   Data   RO         2013    RESET               startup_tcasxxx.o
    0x1000004c   0x1000004c   0x00000048   Code   RO         2014  * .text               startup_tcasxxx.o
    0x10000094   0x10000094   0x0000002c   Code   RO         3263    .text               mc_p.l(uidiv.o)
    0x100000c0   0x100000c0   0x00000028   Code   RO         3265    .text               mc_p.l(idiv.o)
    0x100000e8   0x100000e8   0x00000040   Code   RO         3269    .text               mc_p.l(memmovea.o)
    0x10000128   0x10000128   0x00000024   Code   RO         3271    .text               mc_p.l(memseta.o)
    0x1000014c   0x1000014c   0x000000b2   Code   RO         3543    .text               mf_p.l(fadd.o)
    0x100001fe   0x100001fe   0x0000007a   Code   RO         3545    .text               mf_p.l(fmul.o)
    0x10000278   0x10000278   0x000000d0   Code   RO         3549    .text               mf_p.l(dmul.o)
    0x10000348   0x10000348   0x000000f0   Code   RO         3551    .text               mf_p.l(ddiv.o)
    0x10000438   0x10000438   0x00000016   Code   RO         3553    .text               mf_p.l(fflti.o)
    0x1000044e   0x1000044e   0x00000002   PAD
    0x10000450   0x10000450   0x00000028   Code   RO         3557    .text               mf_p.l(dflti.o)
    0x10000478   0x10000478   0x00000032   Code   RO         3559    .text               mf_p.l(ffixi.o)
    0x100004aa   0x100004aa   0x00000002   PAD
    0x100004ac   0x100004ac   0x00000048   Code   RO         3563    .text               mf_p.l(dfixi.o)
    0x100004f4   0x100004f4   0x00000022   Code   RO         3567    .text               mc_p.l(llushr.o)
    0x10000516   0x10000516   0x00000000   Code   RO         3569    .text               mc_p.l(iusefp.o)
    0x10000516   0x10000516   0x00000082   Code   RO         3570    .text               mf_p.l(fepilogue.o)
    0x10000598   0x10000598   0x000000be   Code   RO         3572    .text               mf_p.l(depilogue.o)
    0x10000656   0x10000656   0x00000020   Code   RO         3582    .text               mc_p.l(llshl.o)
    0x10000676   0x10000676   0x00000002   PAD
    0x10000678   0x10000678   0x0000000c   Ven    RO         3587    Veneer$$Code        anon$$obj.o
    0x10000684   0x10000684   0x0000000c   Ven    RO         3588    Veneer$$Code        anon$$obj.o
    0x10000690   0x10000690   0x0000000c   Ven    RO         3589    Veneer$$Code        anon$$obj.o
    0x1000069c   0x1000069c   0x0000000c   Code   RO         1040    i.ADT_StartTimer    timer.o
    0x100006a8   0x100006a8   0x0000005c   Code   RO          984    i.Cmp_CLKConfig     cmp.o
    0x10000704   0x10000704   0x00000020   Code   RO          987    i.Cmp_Enable        cmp.o
    0x10000724   0x10000724   0x000001b8   Code   RO          988    i.Cmp_Init          cmp.o
    0x100008dc   0x100008dc   0x000000ac   Code   RO          990    i.Cmp_VrefConfig    cmp.o
    0x10000988   0x10000988   0x0000002c   Code   RO         2020    i.CopyDataRWtoImage  system_tcasxxx.o
    0x100009b4   0x100009b4   0x00000048   Code   RO          410    i.DMA_Init          dma.o
    0x100009fc   0x100009fc   0x00000018   Code   RO          412    i.DMA_StartChannel  dma.o
    0x10000a14   0x10000a14   0x00000022   Code   RO          366    i.DelayForCommandExeDone  delay.o
    0x10000a36   0x10000a36   0x00000002   Code   RO         2290    i.Display_Init      displaydriver.o
    0x10000a38   0x10000a38   0x0000000a   Code   RO         2089    i.ErasePage         defaultsetup.o
    0x10000a42   0x10000a42   0x00000002   PAD
    0x10000a44   0x10000a44   0x0000000c   Code   RO         1174    i.Flash_DeInit      flash.o
    0x10000a50   0x10000a50   0x00000018   Code   RO         1175    i.Flash_Init        flash.o
    0x10000a68   0x10000a68   0x0000002c   Code   RO          250    i.GPIO_ClearBits    gpio.o
    0x10000a94   0x10000a94   0x0000001c   Code   RO          252    i.GPIO_ClrAFMode    gpio.o
    0x10000ab0   0x10000ab0   0x00000034   Code   RO          253    i.GPIO_Config       gpio.o
    0x10000ae4   0x10000ae4   0x000000d2   Code   RO          254    i.GPIO_ExtModeConfig  gpio.o
    0x10000bb6   0x10000bb6   0x000000f8   Code   RO          259    i.GPIO_Init         gpio.o
    0x10000cae   0x10000cae   0x00000002   PAD
    0x10000cb0   0x10000cb0   0x0000006c   Code   RO          260    i.GPIO_PinMuxAdrMap  gpio.o
    0x10000d1c   0x10000d1c   0x00000068   Code   RO          261    i.GPIO_RegisterMap  gpio.o
    0x10000d84   0x10000d84   0x0000003a   Code   RO          262    i.GPIO_SetAFMode    gpio.o
    0x10000dbe   0x10000dbe   0x0000002c   Code   RO          263    i.GPIO_SetBits      gpio.o
    0x10000dea   0x10000dea   0x00000002   Code   RO         1270    i.HardFault_Handler  interrupt.o
    0x10000dec   0x10000dec   0x00000048   Code   RO         1274    i.IC_PowupInit      interrupt.o
    0x10000e34   0x10000e34   0x00000030   Code   RO         1873    i.IWDG_ClearITPending  wdg.o
    0x10000e64   0x10000e64   0x00000010   Code   RO         1875    i.IWDG_Enable       wdg.o
    0x10000e74   0x10000e74   0x00000030   Code   RO         1876    i.IWDG_GetITFlag    wdg.o
    0x10000ea4   0x10000ea4   0x00000038   Code   RO            3    i.IwdgCallback      systemdriver.o
    0x10000edc   0x10000edc   0x00000100   Code   RO         2147    i.Light_AdaptBaselineSet  lightdriver.o
    0x10000fdc   0x10000fdc   0x00000154   Code   RO         2148    i.Light_AdjustDrive  lightdriver.o
    0x10001130   0x10001130   0x00000110   Code   RO         2149    i.Light_ProbeDriveAdjust  lightdriver.o
    0x10001240   0x10001240   0x00000274   Code   RO         2150    i.Light_StatSampleACVariety  lightdriver.o
    0x100014b4   0x100014b4   0x00000002   Code   RO         1275    i.NMI_Handler       interrupt.o
    0x100014b6   0x100014b6   0x00000002   PAD
    0x100014b8   0x100014b8   0x00000018   Code   RO          727    i.OP2_OutPadConfig  op.o
    0x100014d0   0x100014d0   0x00000018   Code   RO          728    i.OP2_VinPadConfig  op.o
    0x100014e8   0x100014e8   0x00000018   Code   RO          729    i.OP2_VipPadConfig  op.o
    0x10001500   0x10001500   0x00000024   Code   RO          731    i.OPA_Enable        op.o
    0x10001524   0x10001524   0x00000110   Code   RO          733    i.OPA_Init          op.o
    0x10001634   0x10001634   0x00000002   Code   RO         1276    i.PendSV_Handler    interrupt.o
    0x10001636   0x10001636   0x00000002   PAD
    0x10001638   0x10001638   0x00000078   Code   RO          414    i.PeripheralsRxDmaConfig  dma.o
    0x100016b0   0x100016b0   0x00000002   Code   RO         3055    i.PrintInit         trace.o
    0x100016b2   0x100016b2   0x00000002   PAD
    0x100016b4   0x100016b4   0x00000124   Code   RO         2206    i.Process_FixedSmoothFilter  preprocess.o
    0x100017d8   0x100017d8   0x000000c4   Code   RO         2207    i.Process_LowPassFiltFIR  preprocess.o
    0x1000189c   0x1000189c   0x000000cc   Code   RO         2208    i.Process_ResampleSignal  preprocess.o
    0x10001968   0x10001968   0x000000cc   Code   RO         2209    i.Process_SampleData  preprocess.o
    0x10001a34   0x10001a34   0x00000070   Code   RO         2090    i.ReadFlashCfg      defaultsetup.o
    0x10001aa4   0x10001aa4   0x00000002   Code   RO         1277    i.SVC_Handler       interrupt.o
    0x10001aa6   0x10001aa6   0x00000002   PAD
    0x10001aa8   0x10001aa8   0x000000fc   Code   RO            4    i.SYS_ADC_Init      systemdriver.o
    0x10001ba4   0x10001ba4   0x00000194   Code   RO            5    i.SYS_GPIO_Init     systemdriver.o
    0x10001d38   0x10001d38   0x0000001c   Code   RO            6    i.SYS_Hardware_Init  systemdriver.o
    0x10001d54   0x10001d54   0x00000058   Code   RO            7    i.SYS_Interrupt_Enable  systemdriver.o
    0x10001dac   0x10001dac   0x0000000c   Code   RO            8    i.SYS_ModuleDrive_Init  systemdriver.o
    0x10001db8   0x10001db8   0x00000088   Code   RO            9    i.SYS_OPA_Init      systemdriver.o
    0x10001e40   0x10001e40   0x00000040   Code   RO           10    i.SYS_PressKey_Init  systemdriver.o
    0x10001e80   0x10001e80   0x0000001c   Code   RO           11    i.SYS_TIMER_Init    systemdriver.o
    0x10001e9c   0x10001e9c   0x0000003c   Code   RO           12    i.SYS_TIMER_PWM_Init  systemdriver.o
    0x10001ed8   0x10001ed8   0x00000078   Code   RO         1050    i.SetTimer          timer.o
    0x10001f50   0x10001f50   0x00000030   Code   RO         2092    i.Setup_RestoreDevice  defaultsetup.o
    0x10001f80   0x10001f80   0x00000054   Code   RO         2021    i.SysCheckTrimValid  system_tcasxxx.o
    0x10001fd4   0x10001fd4   0x00000002   Code   RO         1278    i.SysTick_Handler   interrupt.o
    0x10001fd6   0x10001fd6   0x00000002   Code   RO         2022    i.SystemAnlogTrim   system_tcasxxx.o
    0x10001fd8   0x10001fd8   0x00000024   Code   RO         2023    i.SystemConfigFlash  system_tcasxxx.o
    0x10001ffc   0x10001ffc   0x00000010   Code   RO         2024    i.SystemCoreClockUpdate  system_tcasxxx.o
    0x1000200c   0x1000200c   0x00000064   Code   RO         2025    i.SystemCoreSwitchHclkSrc  system_tcasxxx.o
    0x10002070   0x10002070   0x00000074   Code   RO         2026    i.SystemGetHClkFreq  system_tcasxxx.o
    0x100020e4   0x100020e4   0x0000006c   Code   RO         2027    i.SystemInit        system_tcasxxx.o
    0x10002150   0x10002150   0x00000038   Code   RO          197    i.TCmain            main.o
    0x10002188   0x10002188   0x00000010   Code   RO          806    i.Tia_Enable        tia.o
    0x10002198   0x10002198   0x000000ec   Code   RO          807    i.Tia_Init          tia.o
    0x10002284   0x10002284   0x00000020   Code   RO          862    i.TriggerSARAdcStart  saradc.o
    0x100022a4   0x100022a4   0x00000058   Code   RO         2094    i.WriteFlashCfg     defaultsetup.o
    0x100022fc   0x100022fc   0x0000002e   Code   RO         3574    i.__ARM_clz         mf_p.l(depilogue.o)
    0x1000232a   0x1000232a   0x0000001a   Code   RO         1483    i.__ARM_common_switch8  lpm.o
    0x10002344   0x10002344   0x00000018   Code   RO         1284    i.__NVIC_ClearPendingIRQ  interrupt.o
    0x1000235c   0x1000235c   0x00000018   Code   RO           13    i.__NVIC_EnableIRQ  systemdriver.o
    0x10002374   0x10002374   0x00000044   Code   RO           14    i.__NVIC_SetPriority  systemdriver.o
    0x100023b8   0x100023b8   0x000000a4   Code   RO         1285    i.aic_IRQHandler    interrupt.o
    0x1000245c   0x1000245c   0x00000050   Code   RO          369    i.delay1ms          delay.o
    0x100024ac   0x100024ac   0x0000026c   Code   RO         1287    i.fic_IRQHandler    interrupt.o
    0x10002718   0x10002718   0x000000b0   Code   RO         1288    i.lic_IRQHandler    interrupt.o
    0x100027c8   0x100027c8   0x000000f6   Code   RO         3075    i.lowLevelInit      segdriver.o
    0x100028be   0x100028be   0x00000140   Code   RO         3076    i.seg1_num_load     segdriver.o
    0x100029fe   0x100029fe   0x00000016   Code   RO         3077    i.seg1_show         segdriver.o
    0x10002a14   0x10002a14   0x00000140   Code   RO         3078    i.seg2_num_load     segdriver.o
    0x10002b54   0x10002b54   0x00000016   Code   RO         3079    i.seg2_show         segdriver.o
    0x10002b6a   0x10002b6a   0x00000140   Code   RO         3080    i.seg3_num_load     segdriver.o
    0x10002caa   0x10002caa   0x00000016   Code   RO         3081    i.seg3_show         segdriver.o
    0x10002cc0   0x10002cc0   0x00000140   Code   RO         3082    i.seg4_num_load     segdriver.o
    0x10002e00   0x10002e00   0x00000016   Code   RO         3083    i.seg4_show         segdriver.o
    0x10002e16   0x10002e16   0x00000140   Code   RO         3084    i.seg5_num_load     segdriver.o
    0x10002f56   0x10002f56   0x00000016   Code   RO         3085    i.seg5_show         segdriver.o
    0x10002f6c   0x10002f6c   0x00000140   Code   RO         3086    i.seg6_num_load     segdriver.o
    0x100030ac   0x100030ac   0x00000016   Code   RO         3087    i.seg6_show         segdriver.o
    0x100030c2   0x100030c2   0x00000140   Code   RO         3088    i.seg7_num_load     segdriver.o
    0x10003202   0x10003202   0x00000016   Code   RO         3089    i.seg7_show         segdriver.o
    0x10003218   0x10003218   0x00000140   Code   RO         3090    i.seg8_num_load     segdriver.o
    0x10003358   0x10003358   0x00000016   Code   RO         3091    i.seg8_show         segdriver.o
    0x1000336e   0x1000336e   0x00000002   PAD
    0x10003370   0x10003370   0x00000018   Code   RO         3092    i.segSetUp          segdriver.o
    0x10003388   0x10003388   0x000000f8   Code   RO         3093    i.segShow           segdriver.o
    0x10003480   0x10003480   0x00000250   Code   RO         3094    i.seg_show_thread   segdriver.o
    0x100036d0   0x100036d0   0x00000328   Code   RO         3095    i.stateShow         segdriver.o
    0x100039f8   0x100039f8   0x00000020   Data   RO          737    .constdata          op.o
    0x10003a18   0x10003a18   0x00000060   Data   RO         2212    .constdata          preprocess.o


==============================================================================

Image component sizes


      Code (inc. data)   RO Data    RW Data    ZI Data      Debug   Object Name

         0          0          0          6          0        796   buzzdriver.o
       736         30          0          0          0       2793   cmp.o
       258         40          0          4         24       4025   defaultsetup.o
       114         14          0          0          0       1020   delay.o
         2          0          0         20        186      11573   displaydriver.o
       216         36          0          0          0       2179   dma.o
       280         22          0          0          0       2251   flash.o
       896         18          0          0          0       7297   gpio.o
      1066        152          0         68          0      15981   interrupt.o
      1496         58          0          6        108       6786   lightdriver.o
        26          0          0          0          0         72   lpm.o
        56         10          0          0          0       3669   main.o
       380         30         32          0          0       2933   op.o
       896         46         96          4       1068       5722   preprocess.o
        32          6          0          0          0        457   saradc.o
      4654        132          0         28          0      16656   segdriver.o
         0          0          0          0        120       3210   segger_rtt.o
        72         26         76          0       1024        752   startup_tcasxxx.o
       506        104          0          4          0       6189   system_tcasxxx.o
      1220         84          0          0          0      65866   systemdriver.o
       252          8          0          0          0       1420   tia.o
       132          0          0          0          0       1288   timer.o
         2          0          0          0          0        404   trace.o
       112         14          0          0          0       1593   wdg.o

    ----------------------------------------------------------------------
     13454        842        204        140       2808     164932   Object Totals
        36         12          0          0          0          0   (incl. Generated)
        14          0          0          0        278          0   (incl. Padding)

    ----------------------------------------------------------------------

      Code (inc. data)   RO Data    RW Data    ZI Data      Debug   Library Member Name

        40          0          0          0          0         72   idiv.o
         0          0          0          0          0          0   iusefp.o
        32          0          0          0          0         68   llshl.o
        34          0          0          0          0         68   llushr.o
        64          0          0          0          0         68   memmovea.o
        36          0          0          0          0        100   memseta.o
        44          0          0          0          0         72   uidiv.o
       240          6          0          0          0         84   ddiv.o
       236          0          0          0          0        216   depilogue.o
        72         10          0          0          0         72   dfixi.o
        40          6          0          0          0         68   dflti.o
       208          6          0          0          0         88   dmul.o
       178          0          0          0          0        108   fadd.o
       130          0          0          0          0        144   fepilogue.o
        50          0          0          0          0         60   ffixi.o
        22          0          0          0          0         68   fflti.o
       122          0          0          0          0         72   fmul.o

    ----------------------------------------------------------------------
      1554         28          0          0          0       1428   Library Totals
         6          0          0          0          0          0   (incl. Padding)

    ----------------------------------------------------------------------

      Code (inc. data)   RO Data    RW Data    ZI Data      Debug   Library Name

       250          0          0          0          0        448   mc_p.l
      1298         28          0          0          0        980   mf_p.l

    ----------------------------------------------------------------------
      1554         28          0          0          0       1428   Library Totals

    ----------------------------------------------------------------------

==============================================================================


      Code (inc. data)   RO Data    RW Data    ZI Data      Debug   

     15008        870        204        140       2808     161344   Grand Totals
     15008        870        204        140       2808     161344   ELF Image Totals
     15008        870        204        140          0          0   ROM Totals

==============================================================================

    Total RO  Size (Code + RO Data)                15212 (  14.86kB)
    Total RW  Size (RW Data + ZI Data)              2948 (   2.88kB)
    Total ROM Size (Code + RO Data + RW Data)      15352 (  14.99kB)

==============================================================================

